Archive member included to satisfy reference by file (symbol)

lib/libstm32.a(stm32f10x_flash.o)
                              main.o (FLASH_SetLatency)
lib/libstm32.a(stm32f10x_gpio.o)
                              main.o (GPIO_Init)
lib/libstm32.a(stm32f10x_nvic.o)
                              main.o (NVIC_SetVectorTable)
lib/libstm32.a(stm32f10x_rcc.o)
                              main.o (RCC_DeInit)
lib/libstm32.a(cortexm3_macro.o)
                              lib/libstm32.a(stm32f10x_nvic.o) (__SETPRIMASK)
lib/libstm32.a(stm32f10x_vector.o)
                              (Reset_Handler)
/usr/lib/gcc/arm-none-eabi/6.3.1/../../../arm-none-eabi/lib/libc.a(lib_a-atexit.o)
                              /usr/lib/gcc/arm-none-eabi/6.3.1/../../../arm-none-eabi/lib/crt0.o (atexit)
/usr/lib/gcc/arm-none-eabi/6.3.1/../../../arm-none-eabi/lib/libc.a(lib_a-exit.o)
                              /usr/lib/gcc/arm-none-eabi/6.3.1/../../../arm-none-eabi/lib/crt0.o (exit)
/usr/lib/gcc/arm-none-eabi/6.3.1/../../../arm-none-eabi/lib/libc.a(lib_a-fini.o)
                              /usr/lib/gcc/arm-none-eabi/6.3.1/../../../arm-none-eabi/lib/crt0.o (__libc_fini_array)
/usr/lib/gcc/arm-none-eabi/6.3.1/../../../arm-none-eabi/lib/libc.a(lib_a-impure.o)
                              /usr/lib/gcc/arm-none-eabi/6.3.1/../../../arm-none-eabi/lib/libc.a(lib_a-exit.o) (_global_impure_ptr)
/usr/lib/gcc/arm-none-eabi/6.3.1/../../../arm-none-eabi/lib/libc.a(lib_a-init.o)
                              /usr/lib/gcc/arm-none-eabi/6.3.1/../../../arm-none-eabi/lib/crt0.o (__libc_init_array)
/usr/lib/gcc/arm-none-eabi/6.3.1/../../../arm-none-eabi/lib/libc.a(lib_a-memset.o)
                              /usr/lib/gcc/arm-none-eabi/6.3.1/../../../arm-none-eabi/lib/crt0.o (memset)
/usr/lib/gcc/arm-none-eabi/6.3.1/../../../arm-none-eabi/lib/libc.a(lib_a-__atexit.o)
                              /usr/lib/gcc/arm-none-eabi/6.3.1/../../../arm-none-eabi/lib/libc.a(lib_a-atexit.o) (__register_exitproc)
/usr/lib/gcc/arm-none-eabi/6.3.1/../../../arm-none-eabi/lib/libc.a(lib_a-__call_atexit.o)
                              /usr/lib/gcc/arm-none-eabi/6.3.1/../../../arm-none-eabi/lib/libc.a(lib_a-exit.o) (__call_exitprocs)

Allocating common symbols
Common symbol       size              file

HSEStartUpStatus    0x1               main.o
GPIO_InitStructure  0x4               main.o

Discarded input sections

 .text          0x0000000000000000        0x0 /usr/lib/gcc/arm-none-eabi/6.3.1/crti.o
 .data          0x0000000000000000        0x0 /usr/lib/gcc/arm-none-eabi/6.3.1/crti.o
 .bss           0x0000000000000000        0x0 /usr/lib/gcc/arm-none-eabi/6.3.1/crti.o
 .text          0x0000000000000000      0x108 /usr/lib/gcc/arm-none-eabi/6.3.1/crtbegin.o
 .data          0x0000000000000000        0x4 /usr/lib/gcc/arm-none-eabi/6.3.1/crtbegin.o
 .bss           0x0000000000000000       0x1c /usr/lib/gcc/arm-none-eabi/6.3.1/crtbegin.o
 .init_array    0x0000000000000000        0x4 /usr/lib/gcc/arm-none-eabi/6.3.1/crtbegin.o
 .fini_array    0x0000000000000000        0x4 /usr/lib/gcc/arm-none-eabi/6.3.1/crtbegin.o
 .eh_frame      0x0000000000000000        0x0 /usr/lib/gcc/arm-none-eabi/6.3.1/crtbegin.o
 .jcr           0x0000000000000000        0x0 /usr/lib/gcc/arm-none-eabi/6.3.1/crtbegin.o
 .tm_clone_table
                0x0000000000000000        0x0 /usr/lib/gcc/arm-none-eabi/6.3.1/crtbegin.o
 .comment       0x0000000000000000       0x32 /usr/lib/gcc/arm-none-eabi/6.3.1/crtbegin.o
 .ARM.attributes
                0x0000000000000000       0x30 /usr/lib/gcc/arm-none-eabi/6.3.1/crtbegin.o
 .text          0x0000000000000000      0x104 /usr/lib/gcc/arm-none-eabi/6.3.1/../../../arm-none-eabi/lib/crt0.o
 .data          0x0000000000000000        0x0 /usr/lib/gcc/arm-none-eabi/6.3.1/../../../arm-none-eabi/lib/crt0.o
 .bss           0x0000000000000000        0x0 /usr/lib/gcc/arm-none-eabi/6.3.1/../../../arm-none-eabi/lib/crt0.o
 .ARM.extab     0x0000000000000000        0x0 /usr/lib/gcc/arm-none-eabi/6.3.1/../../../arm-none-eabi/lib/crt0.o
 .ARM.exidx     0x0000000000000000        0x8 /usr/lib/gcc/arm-none-eabi/6.3.1/../../../arm-none-eabi/lib/crt0.o
 .debug_line    0x0000000000000000       0x92 /usr/lib/gcc/arm-none-eabi/6.3.1/../../../arm-none-eabi/lib/crt0.o
 .debug_info    0x0000000000000000       0x92 /usr/lib/gcc/arm-none-eabi/6.3.1/../../../arm-none-eabi/lib/crt0.o
 .debug_abbrev  0x0000000000000000       0x14 /usr/lib/gcc/arm-none-eabi/6.3.1/../../../arm-none-eabi/lib/crt0.o
 .debug_aranges
                0x0000000000000000       0x20 /usr/lib/gcc/arm-none-eabi/6.3.1/../../../arm-none-eabi/lib/crt0.o
 .ARM.attributes
                0x0000000000000000       0x14 /usr/lib/gcc/arm-none-eabi/6.3.1/../../../arm-none-eabi/lib/crt0.o
 .data          0x0000000000000000        0x0 main.o
 .bss           0x0000000000000000        0x0 main.o
 .data          0x0000000000000000        0x0 stm32f10x_it.o
 .bss           0x0000000000000000        0x0 stm32f10x_it.o
 .data          0x0000000000000000        0x0 lib/libstm32.a(stm32f10x_flash.o)
 .bss           0x0000000000000000        0x0 lib/libstm32.a(stm32f10x_flash.o)
 .data          0x0000000000000000        0x0 lib/libstm32.a(stm32f10x_gpio.o)
 .bss           0x0000000000000000        0x0 lib/libstm32.a(stm32f10x_gpio.o)
 .data          0x0000000000000000        0x0 lib/libstm32.a(stm32f10x_nvic.o)
 .bss           0x0000000000000000        0x0 lib/libstm32.a(stm32f10x_nvic.o)
 .data          0x0000000000000000        0x0 lib/libstm32.a(stm32f10x_rcc.o)
 .data          0x0000000000000000        0x0 lib/libstm32.a(cortexm3_macro.o)
 .bss           0x0000000000000000        0x0 lib/libstm32.a(cortexm3_macro.o)
 .data          0x0000000000000000        0x0 lib/libstm32.a(stm32f10x_vector.o)
 .bss           0x0000000000000000        0x0 lib/libstm32.a(stm32f10x_vector.o)
 .text          0x0000000000000000       0x20 /usr/lib/gcc/arm-none-eabi/6.3.1/../../../arm-none-eabi/lib/libc.a(lib_a-atexit.o)
 .data          0x0000000000000000        0x0 /usr/lib/gcc/arm-none-eabi/6.3.1/../../../arm-none-eabi/lib/libc.a(lib_a-atexit.o)
 .bss           0x0000000000000000        0x0 /usr/lib/gcc/arm-none-eabi/6.3.1/../../../arm-none-eabi/lib/libc.a(lib_a-atexit.o)
 .debug_info    0x0000000000000000       0xfe /usr/lib/gcc/arm-none-eabi/6.3.1/../../../arm-none-eabi/lib/libc.a(lib_a-atexit.o)
 .debug_abbrev  0x0000000000000000       0xa7 /usr/lib/gcc/arm-none-eabi/6.3.1/../../../arm-none-eabi/lib/libc.a(lib_a-atexit.o)
 .debug_loc     0x0000000000000000       0x2c /usr/lib/gcc/arm-none-eabi/6.3.1/../../../arm-none-eabi/lib/libc.a(lib_a-atexit.o)
 .debug_aranges
                0x0000000000000000       0x20 /usr/lib/gcc/arm-none-eabi/6.3.1/../../../arm-none-eabi/lib/libc.a(lib_a-atexit.o)
 .debug_line    0x0000000000000000       0xb5 /usr/lib/gcc/arm-none-eabi/6.3.1/../../../arm-none-eabi/lib/libc.a(lib_a-atexit.o)
 .debug_str     0x0000000000000000      0x191 /usr/lib/gcc/arm-none-eabi/6.3.1/../../../arm-none-eabi/lib/libc.a(lib_a-atexit.o)
 .comment       0x0000000000000000       0x2c /usr/lib/gcc/arm-none-eabi/6.3.1/../../../arm-none-eabi/lib/libc.a(lib_a-atexit.o)
 .debug_frame   0x0000000000000000       0x2c /usr/lib/gcc/arm-none-eabi/6.3.1/../../../arm-none-eabi/lib/libc.a(lib_a-atexit.o)
 .ARM.attributes
                0x0000000000000000       0x30 /usr/lib/gcc/arm-none-eabi/6.3.1/../../../arm-none-eabi/lib/libc.a(lib_a-atexit.o)
 .text          0x0000000000000000       0x34 /usr/lib/gcc/arm-none-eabi/6.3.1/../../../arm-none-eabi/lib/libc.a(lib_a-exit.o)
 .data          0x0000000000000000        0x0 /usr/lib/gcc/arm-none-eabi/6.3.1/../../../arm-none-eabi/lib/libc.a(lib_a-exit.o)
 .bss           0x0000000000000000        0x0 /usr/lib/gcc/arm-none-eabi/6.3.1/../../../arm-none-eabi/lib/libc.a(lib_a-exit.o)
 .debug_info    0x0000000000000000      0x8de /usr/lib/gcc/arm-none-eabi/6.3.1/../../../arm-none-eabi/lib/libc.a(lib_a-exit.o)
 .debug_abbrev  0x0000000000000000      0x1d6 /usr/lib/gcc/arm-none-eabi/6.3.1/../../../arm-none-eabi/lib/libc.a(lib_a-exit.o)
 .debug_loc     0x0000000000000000       0x1e /usr/lib/gcc/arm-none-eabi/6.3.1/../../../arm-none-eabi/lib/libc.a(lib_a-exit.o)
 .debug_aranges
                0x0000000000000000       0x20 /usr/lib/gcc/arm-none-eabi/6.3.1/../../../arm-none-eabi/lib/libc.a(lib_a-exit.o)
 .debug_line    0x0000000000000000      0x15c /usr/lib/gcc/arm-none-eabi/6.3.1/../../../arm-none-eabi/lib/libc.a(lib_a-exit.o)
 .debug_str     0x0000000000000000      0x52e /usr/lib/gcc/arm-none-eabi/6.3.1/../../../arm-none-eabi/lib/libc.a(lib_a-exit.o)
 .comment       0x0000000000000000       0x2c /usr/lib/gcc/arm-none-eabi/6.3.1/../../../arm-none-eabi/lib/libc.a(lib_a-exit.o)
 .debug_frame   0x0000000000000000       0x28 /usr/lib/gcc/arm-none-eabi/6.3.1/../../../arm-none-eabi/lib/libc.a(lib_a-exit.o)
 .ARM.attributes
                0x0000000000000000       0x30 /usr/lib/gcc/arm-none-eabi/6.3.1/../../../arm-none-eabi/lib/libc.a(lib_a-exit.o)
 .text          0x0000000000000000       0x44 /usr/lib/gcc/arm-none-eabi/6.3.1/../../../arm-none-eabi/lib/libc.a(lib_a-fini.o)
 .data          0x0000000000000000        0x0 /usr/lib/gcc/arm-none-eabi/6.3.1/../../../arm-none-eabi/lib/libc.a(lib_a-fini.o)
 .bss           0x0000000000000000        0x0 /usr/lib/gcc/arm-none-eabi/6.3.1/../../../arm-none-eabi/lib/libc.a(lib_a-fini.o)
 .debug_info    0x0000000000000000       0xfa /usr/lib/gcc/arm-none-eabi/6.3.1/../../../arm-none-eabi/lib/libc.a(lib_a-fini.o)
 .debug_abbrev  0x0000000000000000       0xba /usr/lib/gcc/arm-none-eabi/6.3.1/../../../arm-none-eabi/lib/libc.a(lib_a-fini.o)
 .debug_loc     0x0000000000000000       0x5c /usr/lib/gcc/arm-none-eabi/6.3.1/../../../arm-none-eabi/lib/libc.a(lib_a-fini.o)
 .debug_aranges
                0x0000000000000000       0x20 /usr/lib/gcc/arm-none-eabi/6.3.1/../../../arm-none-eabi/lib/libc.a(lib_a-fini.o)
 .debug_line    0x0000000000000000       0x99 /usr/lib/gcc/arm-none-eabi/6.3.1/../../../arm-none-eabi/lib/libc.a(lib_a-fini.o)
 .debug_str     0x0000000000000000      0x189 /usr/lib/gcc/arm-none-eabi/6.3.1/../../../arm-none-eabi/lib/libc.a(lib_a-fini.o)
 .comment       0x0000000000000000       0x2c /usr/lib/gcc/arm-none-eabi/6.3.1/../../../arm-none-eabi/lib/libc.a(lib_a-fini.o)
 .debug_frame   0x0000000000000000       0x34 /usr/lib/gcc/arm-none-eabi/6.3.1/../../../arm-none-eabi/lib/libc.a(lib_a-fini.o)
 .ARM.attributes
                0x0000000000000000       0x30 /usr/lib/gcc/arm-none-eabi/6.3.1/../../../arm-none-eabi/lib/libc.a(lib_a-fini.o)
 .text          0x0000000000000000        0x0 /usr/lib/gcc/arm-none-eabi/6.3.1/../../../arm-none-eabi/lib/libc.a(lib_a-impure.o)
 .data          0x0000000000000000      0x430 /usr/lib/gcc/arm-none-eabi/6.3.1/../../../arm-none-eabi/lib/libc.a(lib_a-impure.o)
 .bss           0x0000000000000000        0x0 /usr/lib/gcc/arm-none-eabi/6.3.1/../../../arm-none-eabi/lib/libc.a(lib_a-impure.o)
 .rodata        0x0000000000000000        0x4 /usr/lib/gcc/arm-none-eabi/6.3.1/../../../arm-none-eabi/lib/libc.a(lib_a-impure.o)
 .rodata.str1.4
                0x0000000000000000        0x2 /usr/lib/gcc/arm-none-eabi/6.3.1/../../../arm-none-eabi/lib/libc.a(lib_a-impure.o)
 .debug_info    0x0000000000000000      0x89b /usr/lib/gcc/arm-none-eabi/6.3.1/../../../arm-none-eabi/lib/libc.a(lib_a-impure.o)
 .debug_abbrev  0x0000000000000000      0x180 /usr/lib/gcc/arm-none-eabi/6.3.1/../../../arm-none-eabi/lib/libc.a(lib_a-impure.o)
 .debug_aranges
                0x0000000000000000       0x18 /usr/lib/gcc/arm-none-eabi/6.3.1/../../../arm-none-eabi/lib/libc.a(lib_a-impure.o)
 .debug_line    0x0000000000000000       0xe3 /usr/lib/gcc/arm-none-eabi/6.3.1/../../../arm-none-eabi/lib/libc.a(lib_a-impure.o)
 .debug_str     0x0000000000000000      0x525 /usr/lib/gcc/arm-none-eabi/6.3.1/../../../arm-none-eabi/lib/libc.a(lib_a-impure.o)
 .comment       0x0000000000000000       0x2c /usr/lib/gcc/arm-none-eabi/6.3.1/../../../arm-none-eabi/lib/libc.a(lib_a-impure.o)
 .ARM.attributes
                0x0000000000000000       0x30 /usr/lib/gcc/arm-none-eabi/6.3.1/../../../arm-none-eabi/lib/libc.a(lib_a-impure.o)
 .text          0x0000000000000000       0x80 /usr/lib/gcc/arm-none-eabi/6.3.1/../../../arm-none-eabi/lib/libc.a(lib_a-init.o)
 .data          0x0000000000000000        0x0 /usr/lib/gcc/arm-none-eabi/6.3.1/../../../arm-none-eabi/lib/libc.a(lib_a-init.o)
 .bss           0x0000000000000000        0x0 /usr/lib/gcc/arm-none-eabi/6.3.1/../../../arm-none-eabi/lib/libc.a(lib_a-init.o)
 .debug_info    0x0000000000000000      0x110 /usr/lib/gcc/arm-none-eabi/6.3.1/../../../arm-none-eabi/lib/libc.a(lib_a-init.o)
 .debug_abbrev  0x0000000000000000       0xba /usr/lib/gcc/arm-none-eabi/6.3.1/../../../arm-none-eabi/lib/libc.a(lib_a-init.o)
 .debug_loc     0x0000000000000000       0xa2 /usr/lib/gcc/arm-none-eabi/6.3.1/../../../arm-none-eabi/lib/libc.a(lib_a-init.o)
 .debug_aranges
                0x0000000000000000       0x20 /usr/lib/gcc/arm-none-eabi/6.3.1/../../../arm-none-eabi/lib/libc.a(lib_a-init.o)
 .debug_line    0x0000000000000000       0xb3 /usr/lib/gcc/arm-none-eabi/6.3.1/../../../arm-none-eabi/lib/libc.a(lib_a-init.o)
 .debug_str     0x0000000000000000      0x1b3 /usr/lib/gcc/arm-none-eabi/6.3.1/../../../arm-none-eabi/lib/libc.a(lib_a-init.o)
 .comment       0x0000000000000000       0x2c /usr/lib/gcc/arm-none-eabi/6.3.1/../../../arm-none-eabi/lib/libc.a(lib_a-init.o)
 .debug_frame   0x0000000000000000       0x34 /usr/lib/gcc/arm-none-eabi/6.3.1/../../../arm-none-eabi/lib/libc.a(lib_a-init.o)
 .ARM.attributes
                0x0000000000000000       0x30 /usr/lib/gcc/arm-none-eabi/6.3.1/../../../arm-none-eabi/lib/libc.a(lib_a-init.o)
 .text          0x0000000000000000       0xf4 /usr/lib/gcc/arm-none-eabi/6.3.1/../../../arm-none-eabi/lib/libc.a(lib_a-memset.o)
 .data          0x0000000000000000        0x0 /usr/lib/gcc/arm-none-eabi/6.3.1/../../../arm-none-eabi/lib/libc.a(lib_a-memset.o)
 .bss           0x0000000000000000        0x0 /usr/lib/gcc/arm-none-eabi/6.3.1/../../../arm-none-eabi/lib/libc.a(lib_a-memset.o)
 .debug_info    0x0000000000000000      0x11e /usr/lib/gcc/arm-none-eabi/6.3.1/../../../arm-none-eabi/lib/libc.a(lib_a-memset.o)
 .debug_abbrev  0x0000000000000000       0x9f /usr/lib/gcc/arm-none-eabi/6.3.1/../../../arm-none-eabi/lib/libc.a(lib_a-memset.o)
 .debug_loc     0x0000000000000000      0x198 /usr/lib/gcc/arm-none-eabi/6.3.1/../../../arm-none-eabi/lib/libc.a(lib_a-memset.o)
 .debug_aranges
                0x0000000000000000       0x20 /usr/lib/gcc/arm-none-eabi/6.3.1/../../../arm-none-eabi/lib/libc.a(lib_a-memset.o)
 .debug_line    0x0000000000000000      0x10f /usr/lib/gcc/arm-none-eabi/6.3.1/../../../arm-none-eabi/lib/libc.a(lib_a-memset.o)
 .debug_str     0x0000000000000000      0x168 /usr/lib/gcc/arm-none-eabi/6.3.1/../../../arm-none-eabi/lib/libc.a(lib_a-memset.o)
 .comment       0x0000000000000000       0x2c /usr/lib/gcc/arm-none-eabi/6.3.1/../../../arm-none-eabi/lib/libc.a(lib_a-memset.o)
 .debug_frame   0x0000000000000000       0x30 /usr/lib/gcc/arm-none-eabi/6.3.1/../../../arm-none-eabi/lib/libc.a(lib_a-memset.o)
 .ARM.attributes
                0x0000000000000000       0x30 /usr/lib/gcc/arm-none-eabi/6.3.1/../../../arm-none-eabi/lib/libc.a(lib_a-memset.o)
 .text          0x0000000000000000       0xe0 /usr/lib/gcc/arm-none-eabi/6.3.1/../../../arm-none-eabi/lib/libc.a(lib_a-__atexit.o)
 .data          0x0000000000000000        0x0 /usr/lib/gcc/arm-none-eabi/6.3.1/../../../arm-none-eabi/lib/libc.a(lib_a-__atexit.o)
 .bss           0x0000000000000000        0x0 /usr/lib/gcc/arm-none-eabi/6.3.1/../../../arm-none-eabi/lib/libc.a(lib_a-__atexit.o)
 .debug_info    0x0000000000000000      0x92e /usr/lib/gcc/arm-none-eabi/6.3.1/../../../arm-none-eabi/lib/libc.a(lib_a-__atexit.o)
 .debug_abbrev  0x0000000000000000      0x20f /usr/lib/gcc/arm-none-eabi/6.3.1/../../../arm-none-eabi/lib/libc.a(lib_a-__atexit.o)
 .debug_loc     0x0000000000000000      0x11b /usr/lib/gcc/arm-none-eabi/6.3.1/../../../arm-none-eabi/lib/libc.a(lib_a-__atexit.o)
 .debug_aranges
                0x0000000000000000       0x20 /usr/lib/gcc/arm-none-eabi/6.3.1/../../../arm-none-eabi/lib/libc.a(lib_a-__atexit.o)
 .debug_line    0x0000000000000000      0x17d /usr/lib/gcc/arm-none-eabi/6.3.1/../../../arm-none-eabi/lib/libc.a(lib_a-__atexit.o)
 .debug_str     0x0000000000000000      0x566 /usr/lib/gcc/arm-none-eabi/6.3.1/../../../arm-none-eabi/lib/libc.a(lib_a-__atexit.o)
 .comment       0x0000000000000000       0x2c /usr/lib/gcc/arm-none-eabi/6.3.1/../../../arm-none-eabi/lib/libc.a(lib_a-__atexit.o)
 .debug_frame   0x0000000000000000       0x3c /usr/lib/gcc/arm-none-eabi/6.3.1/../../../arm-none-eabi/lib/libc.a(lib_a-__atexit.o)
 .ARM.attributes
                0x0000000000000000       0x30 /usr/lib/gcc/arm-none-eabi/6.3.1/../../../arm-none-eabi/lib/libc.a(lib_a-__atexit.o)
 .text          0x0000000000000000      0x170 /usr/lib/gcc/arm-none-eabi/6.3.1/../../../arm-none-eabi/lib/libc.a(lib_a-__call_atexit.o)
 .data          0x0000000000000000        0x0 /usr/lib/gcc/arm-none-eabi/6.3.1/../../../arm-none-eabi/lib/libc.a(lib_a-__call_atexit.o)
 .bss           0x0000000000000000        0x0 /usr/lib/gcc/arm-none-eabi/6.3.1/../../../arm-none-eabi/lib/libc.a(lib_a-__call_atexit.o)
 .text.startup  0x0000000000000000       0x28 /usr/lib/gcc/arm-none-eabi/6.3.1/../../../arm-none-eabi/lib/libc.a(lib_a-__call_atexit.o)
 .init_array.00000
                0x0000000000000000        0x4 /usr/lib/gcc/arm-none-eabi/6.3.1/../../../arm-none-eabi/lib/libc.a(lib_a-__call_atexit.o)
 .debug_info    0x0000000000000000      0x9a5 /usr/lib/gcc/arm-none-eabi/6.3.1/../../../arm-none-eabi/lib/libc.a(lib_a-__call_atexit.o)
 .debug_abbrev  0x0000000000000000      0x26d /usr/lib/gcc/arm-none-eabi/6.3.1/../../../arm-none-eabi/lib/libc.a(lib_a-__call_atexit.o)
 .debug_loc     0x0000000000000000      0x1cb /usr/lib/gcc/arm-none-eabi/6.3.1/../../../arm-none-eabi/lib/libc.a(lib_a-__call_atexit.o)
 .debug_aranges
                0x0000000000000000       0x28 /usr/lib/gcc/arm-none-eabi/6.3.1/../../../arm-none-eabi/lib/libc.a(lib_a-__call_atexit.o)
 .debug_ranges  0x0000000000000000       0x40 /usr/lib/gcc/arm-none-eabi/6.3.1/../../../arm-none-eabi/lib/libc.a(lib_a-__call_atexit.o)
 .debug_line    0x0000000000000000      0x1a5 /usr/lib/gcc/arm-none-eabi/6.3.1/../../../arm-none-eabi/lib/libc.a(lib_a-__call_atexit.o)
 .debug_str     0x0000000000000000      0x585 /usr/lib/gcc/arm-none-eabi/6.3.1/../../../arm-none-eabi/lib/libc.a(lib_a-__call_atexit.o)
 .comment       0x0000000000000000       0x2c /usr/lib/gcc/arm-none-eabi/6.3.1/../../../arm-none-eabi/lib/libc.a(lib_a-__call_atexit.o)
 .debug_frame   0x0000000000000000       0x68 /usr/lib/gcc/arm-none-eabi/6.3.1/../../../arm-none-eabi/lib/libc.a(lib_a-__call_atexit.o)
 .ARM.attributes
                0x0000000000000000       0x30 /usr/lib/gcc/arm-none-eabi/6.3.1/../../../arm-none-eabi/lib/libc.a(lib_a-__call_atexit.o)
 .text          0x0000000000000000        0x0 /usr/lib/gcc/arm-none-eabi/6.3.1/crtend.o
 .data          0x0000000000000000        0x0 /usr/lib/gcc/arm-none-eabi/6.3.1/crtend.o
 .bss           0x0000000000000000        0x0 /usr/lib/gcc/arm-none-eabi/6.3.1/crtend.o
 .eh_frame      0x0000000000000000        0x4 /usr/lib/gcc/arm-none-eabi/6.3.1/crtend.o
 .jcr           0x0000000000000000        0x4 /usr/lib/gcc/arm-none-eabi/6.3.1/crtend.o
 .tm_clone_table
                0x0000000000000000        0x0 /usr/lib/gcc/arm-none-eabi/6.3.1/crtend.o
 .comment       0x0000000000000000       0x32 /usr/lib/gcc/arm-none-eabi/6.3.1/crtend.o
 .ARM.attributes
                0x0000000000000000       0x30 /usr/lib/gcc/arm-none-eabi/6.3.1/crtend.o
 .text          0x0000000000000000        0x0 /usr/lib/gcc/arm-none-eabi/6.3.1/crtn.o
 .data          0x0000000000000000        0x0 /usr/lib/gcc/arm-none-eabi/6.3.1/crtn.o
 .bss           0x0000000000000000        0x0 /usr/lib/gcc/arm-none-eabi/6.3.1/crtn.o
 .init          0x0000000000000000        0xc /usr/lib/gcc/arm-none-eabi/6.3.1/crtn.o
 .fini          0x0000000000000000        0xc /usr/lib/gcc/arm-none-eabi/6.3.1/crtn.o
 .ARM.attributes
                0x0000000000000000       0x18 /usr/lib/gcc/arm-none-eabi/6.3.1/crtn.o

Memory Configuration

Name             Origin             Length             Attributes
RAM              0x0000000020000000 0x0000000000005000 xrw
FLASH            0x0000000008000000 0x0000000000020000 xr
FLASHB1          0x0000000000000000 0x0000000000000000 xr
EXTMEMB0         0x0000000000000000 0x0000000000000000 xr
EXTMEMB1         0x0000000000000000 0x0000000000000000 xr
EXTMEMB2         0x0000000000000000 0x0000000000000000 xr
EXTMEMB3         0x0000000000000000 0x0000000000000000 xr
*default*        0x0000000000000000 0xffffffffffffffff

Linker script and memory map

LOAD /usr/lib/gcc/arm-none-eabi/6.3.1/crti.o
LOAD /usr/lib/gcc/arm-none-eabi/6.3.1/crtbegin.o
LOAD /usr/lib/gcc/arm-none-eabi/6.3.1/../../../arm-none-eabi/lib/crt0.o
LOAD main.o
LOAD stm32f10x_it.o
LOAD lib/libstm32.a
START GROUP
LOAD /usr/lib/gcc/arm-none-eabi/6.3.1/libgcc.a
LOAD /usr/lib/gcc/arm-none-eabi/6.3.1/../../../arm-none-eabi/lib/libc.a
END GROUP
LOAD /usr/lib/gcc/arm-none-eabi/6.3.1/crtend.o
LOAD /usr/lib/gcc/arm-none-eabi/6.3.1/crtn.o
                0x0000000000000400                __Stack_Size = 0x400
                [!provide]                        PROVIDE (_Stack_Size, __Stack_Size)
                0x0000000020004c00                __Stack_Init = (_estack - __Stack_Size)
                [!provide]                        PROVIDE (_Stack_Init, __Stack_Init)
                0x0000000000000100                _Minimum_Stack_Size = 0x100
                [!provide]                        PROVIDE (Undefined_Handler, 0x0)
                [!provide]                        PROVIDE (SWI_Handler, 0x0)
                [!provide]                        PROVIDE (IRQ_Handler, 0x0)
                [!provide]                        PROVIDE (Prefetch_Handler, 0x0)
                [!provide]                        PROVIDE (Abort_Handler, 0x0)
                [!provide]                        PROVIDE (FIQ_Handler, 0x0)
                [!provide]                        PROVIDE (NMIException, 0x0)
                [!provide]                        PROVIDE (HardFaultException, 0x0)
                [!provide]                        PROVIDE (MemManageException, 0x0)
                [!provide]                        PROVIDE (BusFaultException, 0x0)
                [!provide]                        PROVIDE (UsageFaultException, 0x0)
                [!provide]                        PROVIDE (SVCHandler, 0x0)
                [!provide]                        PROVIDE (DebugMonitor, 0x0)
                [!provide]                        PROVIDE (PendSVC, 0x0)
                [!provide]                        PROVIDE (SysTickHandler, 0x0)
                [!provide]                        PROVIDE (WWDG_IRQHandler, 0x0)
                [!provide]                        PROVIDE (PVD_IRQHandler, 0x0)
                [!provide]                        PROVIDE (TAMPER_IRQHandler, 0x0)
                [!provide]                        PROVIDE (RTC_IRQHandler, 0x0)
                [!provide]                        PROVIDE (FLASH_IRQHandler, 0x0)
                [!provide]                        PROVIDE (RCC_IRQHandler, 0x0)
                [!provide]                        PROVIDE (EXTI0_IRQHandler, 0x0)
                [!provide]                        PROVIDE (EXTI1_IRQHandler, 0x0)
                [!provide]                        PROVIDE (EXTI2_IRQHandler, 0x0)
                [!provide]                        PROVIDE (EXTI3_IRQHandler, 0x0)
                [!provide]                        PROVIDE (EXTI4_IRQHandler, 0x0)
                [!provide]                        PROVIDE (DMAChannel1_IRQHandler, 0x0)
                [!provide]                        PROVIDE (DMAChannel2_IRQHandler, 0x0)
                [!provide]                        PROVIDE (DMAChannel3_IRQHandler, 0x0)
                [!provide]                        PROVIDE (DMAChannel4_IRQHandler, 0x0)
                [!provide]                        PROVIDE (DMAChannel5_IRQHandler, 0x0)
                [!provide]                        PROVIDE (DMAChannel6_IRQHandler, 0x0)
                [!provide]                        PROVIDE (DMAChannel7_IRQHandler, 0x0)
                [!provide]                        PROVIDE (ADC_IRQHandler, 0x0)
                [!provide]                        PROVIDE (USB_HP_CAN_TX_IRQHandler, 0x0)
                [!provide]                        PROVIDE (USB_LP_CAN_RX0_IRQHandler, 0x0)
                [!provide]                        PROVIDE (CAN_RX1_IRQHandler, 0x0)
                [!provide]                        PROVIDE (CAN_SCE_IRQHandler, 0x0)
                [!provide]                        PROVIDE (EXTI9_5_IRQHandler, 0x0)
                [!provide]                        PROVIDE (TIM1_BRK_IRQHandler, 0x0)
                [!provide]                        PROVIDE (TIM1_UP_IRQHandler, 0x0)
                [!provide]                        PROVIDE (TIM1_TRG_COM_IRQHandler, 0x0)
                [!provide]                        PROVIDE (TIM1_CC_IRQHandler, 0x0)
                [!provide]                        PROVIDE (TIM2_IRQHandler, 0x0)
                [!provide]                        PROVIDE (TIM3_IRQHandler, 0x0)
                [!provide]                        PROVIDE (TIM4_IRQHandler, 0x0)
                [!provide]                        PROVIDE (I2C1_EV_IRQHandler, 0x0)
                [!provide]                        PROVIDE (I2C1_ER_IRQHandler, 0x0)
                [!provide]                        PROVIDE (I2C2_EV_IRQHandler, 0x0)
                [!provide]                        PROVIDE (I2C2_ER_IRQHandler, 0x0)
                [!provide]                        PROVIDE (SPI1_IRQHandler, 0x0)
                [!provide]                        PROVIDE (SPI2_IRQHandler, 0x0)
                [!provide]                        PROVIDE (USART1_IRQHandler, 0x0)
                [!provide]                        PROVIDE (USART2_IRQHandler, 0x0)
                [!provide]                        PROVIDE (USART3_IRQHandler, 0x0)
                [!provide]                        PROVIDE (EXTI15_10_IRQHandler, 0x0)
                [!provide]                        PROVIDE (RTCAlarm_IRQHandler, 0x0)
                [!provide]                        PROVIDE (USBWakeUp_IRQHandler, 0x0)
                0x0000000042000000                PERIPH_BB_BASE = 0x42000000
                0x0000000022000000                SRAM_BB_BASE = 0x22000000
                0x0000000020000000                SRAM_BASE = 0x20000000
                0x0000000040000000                PERIPH_BASE = 0x40000000
                [!provide]                        PROVIDE (FLASH_BASE, 0x40022000)
                [!provide]                        PROVIDE (OB_BASE, 0x1ffff800)
                0x0000000040000000                APB1PERIPH_BASE = PERIPH_BASE
                0x0000000040010000                APB2PERIPH_BASE = (PERIPH_BASE + 0x10000)
                0x0000000040020000                AHBPERIPH_BASE = (PERIPH_BASE + 0x20000)
                [!provide]                        PROVIDE (TIM2, (APB1PERIPH_BASE + 0x0))
                [!provide]                        PROVIDE (TIM3, (APB1PERIPH_BASE + 0x400))
                [!provide]                        PROVIDE (TIM4, (APB1PERIPH_BASE + 0x800))
                [!provide]                        PROVIDE (RTC, (APB1PERIPH_BASE + 0x2800))
                [!provide]                        PROVIDE (WWDG, (APB1PERIPH_BASE + 0x2c00))
                [!provide]                        PROVIDE (IWDG, (APB1PERIPH_BASE + 0x3000))
                [!provide]                        PROVIDE (SPI2, (APB1PERIPH_BASE + 0x3800))
                [!provide]                        PROVIDE (USART2, (APB1PERIPH_BASE + 0x4400))
                [!provide]                        PROVIDE (USART3, (APB1PERIPH_BASE + 0x4800))
                [!provide]                        PROVIDE (I2C1, (APB1PERIPH_BASE + 0x5400))
                [!provide]                        PROVIDE (I2C2, (APB1PERIPH_BASE + 0x5800))
                [!provide]                        PROVIDE (CAN, (APB1PERIPH_BASE + 0x6400))
                [!provide]                        PROVIDE (BKP, (APB1PERIPH_BASE + 0x6c00))
                [!provide]                        PROVIDE (PWR, (APB1PERIPH_BASE + 0x7000))
                [!provide]                        PROVIDE (AFIO, (APB2PERIPH_BASE + 0x0))
                [!provide]                        PROVIDE (EXTI, (APB2PERIPH_BASE + 0x400))
                [!provide]                        PROVIDE (GPIOA, (APB2PERIPH_BASE + 0x800))
                [!provide]                        PROVIDE (GPIOB, (APB2PERIPH_BASE + 0xc00))
                [!provide]                        PROVIDE (GPIOC, (APB2PERIPH_BASE + 0x1000))
                [!provide]                        PROVIDE (GPIOD, (APB2PERIPH_BASE + 0x1400))
                [!provide]                        PROVIDE (GPIOE, (APB2PERIPH_BASE + 0x1800))
                [!provide]                        PROVIDE (ADC1, (APB2PERIPH_BASE + 0x2400))
                [!provide]                        PROVIDE (ADC2, (APB2PERIPH_BASE + 0x2800))
                [!provide]                        PROVIDE (TIM1, (APB2PERIPH_BASE + 0x2c00))
                [!provide]                        PROVIDE (SPI1, (APB2PERIPH_BASE + 0x3000))
                [!provide]                        PROVIDE (USART1, (APB2PERIPH_BASE + 0x3800))
                [!provide]                        PROVIDE (DMA, (AHBPERIPH_BASE + 0x0))
                [!provide]                        PROVIDE (DMA_Channel1, (AHBPERIPH_BASE + 0x8))
                [!provide]                        PROVIDE (DMA_Channel2, (AHBPERIPH_BASE + 0x1c))
                [!provide]                        PROVIDE (DMA_Channel3, (AHBPERIPH_BASE + 0x30))
                [!provide]                        PROVIDE (DMA_Channel4, (AHBPERIPH_BASE + 0x44))
                [!provide]                        PROVIDE (DMA_Channel5, (AHBPERIPH_BASE + 0x58))
                [!provide]                        PROVIDE (DMA_Channel6, (AHBPERIPH_BASE + 0x6c))
                [!provide]                        PROVIDE (DMA_Channel7, (AHBPERIPH_BASE + 0x80))
                [!provide]                        PROVIDE (RCC, (AHBPERIPH_BASE + 0x1000))
                0x00000000e000e000                SCS_BASE = 0xe000e000
                [!provide]                        PROVIDE (SysTick, (SCS_BASE + 0x10))
                [!provide]                        PROVIDE (NVIC, (SCS_BASE + 0x100))
                [!provide]                        PROVIDE (SCB, (SCS_BASE + 0xd00))
                0x0000000020005000                _estack = 0x20005000

.isr_vector     0x0000000008000000      0x10c
                0x0000000008000000                . = ALIGN (0x4)
 *(.isr_vector)
 .isr_vector    0x0000000008000000      0x10c lib/libstm32.a(stm32f10x_vector.o)
                0x0000000008000000                g_pfnVectors
                0x000000000800010c                . = ALIGN (0x4)

.flashtext      0x000000000800010c        0x0
                0x000000000800010c                . = ALIGN (0x4)
 *(.flashtext)
                0x000000000800010c                . = ALIGN (0x4)

.text           0x000000000800010c     0x1998
                0x000000000800010c                . = ALIGN (0x4)
 *(.text)
 .text          0x000000000800010c      0x114 main.o
                0x000000000800010c                main
                0x000000000800016c                RCC_Configuration
                0x00000000080001ec                NVIC_Configuration
                0x00000000080001fe                Delay
 .text          0x0000000008000220      0x258 stm32f10x_it.o
                0x0000000008000220                NMIException
                0x000000000800022c                HardFaultException
                0x0000000008000232                MemManageException
                0x0000000008000238                BusFaultException
                0x000000000800023e                UsageFaultException
                0x0000000008000244                DebugMonitor
                0x0000000008000250                SVCHandler
                0x000000000800025c                PendSVC
                0x0000000008000268                SysTickHandler
                0x0000000008000274                WWDG_IRQHandler
                0x0000000008000280                PVD_IRQHandler
                0x000000000800028c                TAMPER_IRQHandler
                0x0000000008000298                RTC_IRQHandler
                0x00000000080002a4                FLASH_IRQHandler
                0x00000000080002b0                RCC_IRQHandler
                0x00000000080002bc                EXTI0_IRQHandler
                0x00000000080002c8                EXTI1_IRQHandler
                0x00000000080002d4                EXTI2_IRQHandler
                0x00000000080002e0                EXTI3_IRQHandler
                0x00000000080002ec                EXTI4_IRQHandler
                0x00000000080002f8                DMAChannel1_IRQHandler
                0x0000000008000304                DMAChannel2_IRQHandler
                0x0000000008000310                DMAChannel3_IRQHandler
                0x000000000800031c                DMAChannel4_IRQHandler
                0x0000000008000328                DMAChannel5_IRQHandler
                0x0000000008000334                DMAChannel6_IRQHandler
                0x0000000008000340                DMAChannel7_IRQHandler
                0x000000000800034c                ADC_IRQHandler
                0x0000000008000358                USB_HP_CAN_TX_IRQHandler
                0x0000000008000364                USB_LP_CAN_RX0_IRQHandler
                0x0000000008000370                CAN_RX1_IRQHandler
                0x000000000800037c                CAN_SCE_IRQHandler
                0x0000000008000388                EXTI9_5_IRQHandler
                0x0000000008000394                TIM1_BRK_IRQHandler
                0x00000000080003a0                TIM1_UP_IRQHandler
                0x00000000080003ac                TIM1_TRG_COM_IRQHandler
                0x00000000080003b8                TIM1_CC_IRQHandler
                0x00000000080003c4                TIM2_IRQHandler
                0x00000000080003d0                TIM3_IRQHandler
                0x00000000080003dc                TIM4_IRQHandler
                0x00000000080003e8                I2C1_EV_IRQHandler
                0x00000000080003f4                I2C1_ER_IRQHandler
                0x0000000008000400                I2C2_EV_IRQHandler
                0x000000000800040c                I2C2_ER_IRQHandler
                0x0000000008000418                SPI1_IRQHandler
                0x0000000008000424                SPI2_IRQHandler
                0x0000000008000430                USART1_IRQHandler
                0x000000000800043c                USART2_IRQHandler
                0x0000000008000448                USART3_IRQHandler
                0x0000000008000454                EXTI15_10_IRQHandler
                0x0000000008000460                RTCAlarm_IRQHandler
                0x000000000800046c                USBWakeUp_IRQHandler
 .text          0x0000000008000478       0x90 lib/libstm32.a(stm32f10x_flash.o)
                0x0000000008000478                FLASH_SetLatency
                0x00000000080004a8                FLASH_HalfCycleAccessCmd
                0x00000000080004d8                FLASH_PrefetchBufferCmd
 .text          0x0000000008000508      0x554 lib/libstm32.a(stm32f10x_gpio.o)
                0x0000000008000508                GPIO_DeInit
                0x00000000080005b4                GPIO_AFIODeInit
                0x00000000080005cc                GPIO_Init
                0x0000000008000746                GPIO_StructInit
                0x000000000800076c                GPIO_ReadInputDataBit
                0x000000000800079e                GPIO_ReadInputData
                0x00000000080007b6                GPIO_ReadOutputDataBit
                0x00000000080007e8                GPIO_ReadOutputData
                0x0000000008000800                GPIO_SetBits
                0x000000000800081c                GPIO_ResetBits
                0x0000000008000838                GPIO_WriteBit
                0x0000000008000866                GPIO_Write
                0x0000000008000882                GPIO_PinLockConfig
                0x00000000080008c4                GPIO_EventOutputConfig
                0x0000000008000910                GPIO_EventOutputCmd
                0x0000000008000930                GPIO_PinRemapConfig
                0x00000000080009d8                GPIO_EXTILineConfig
 .text          0x0000000008000a5c      0x774 lib/libstm32.a(stm32f10x_nvic.o)
                0x0000000008000a5c                NVIC_DeInit
                0x0000000008000abc                NVIC_SCBDeInit
                0x0000000008000b34                NVIC_PriorityGroupConfig
                0x0000000008000b58                NVIC_Init
                0x0000000008000c74                NVIC_StructInit
                0x0000000008000c9e                NVIC_SETPRIMASK
                0x0000000008000caa                NVIC_RESETPRIMASK
                0x0000000008000cb6                NVIC_SETFAULTMASK
                0x0000000008000cc2                NVIC_RESETFAULTMASK
                0x0000000008000cce                NVIC_BASEPRICONFIG
                0x0000000008000ce8                NVIC_GetBASEPRI
                0x0000000008000cf6                NVIC_GetCurrentPendingIRQChannel
                0x0000000008000d14                NVIC_GetIRQChannelPendingBitStatus
                0x0000000008000d68                NVIC_SetIRQChannelPendingBit
                0x0000000008000d88                NVIC_ClearIRQChannelPendingBit
                0x0000000008000dbc                NVIC_GetCurrentActiveHandler
                0x0000000008000dd8                NVIC_GetIRQChannelActiveBitStatus
                0x0000000008000e2c                NVIC_GetCPUID
                0x0000000008000e40                NVIC_SetVectorTable
                0x0000000008000e6c                NVIC_GenerateSystemReset
                0x0000000008000e88                NVIC_GenerateCoreReset
                0x0000000008000ea4                NVIC_SystemLPConfig
                0x0000000008000ee4                NVIC_SystemHandlerConfig
                0x0000000008000f34                NVIC_SystemHandlerPriorityConfig
                0x0000000008001000                NVIC_GetSystemHandlerPendingBitStatus
                0x0000000008001058                NVIC_SetSystemHandlerPendingBit
                0x000000000800108c                NVIC_ClearSystemHandlerPendingBit
                0x00000000080010c4                NVIC_GetSystemHandlerActiveBitStatus
                0x0000000008001118                NVIC_GetFaultHandlerSources
                0x0000000008001190                NVIC_GetFaultAddress
 .text          0x00000000080011d0      0x7e0 lib/libstm32.a(stm32f10x_rcc.o)
                0x00000000080011d0                RCC_DeInit
                0x0000000008001248                RCC_HSEConfig
                0x00000000080012a4                RCC_WaitForHSEStartUp
                0x00000000080012f0                RCC_AdjustHSICalibrationValue
                0x000000000800132c                RCC_HSICmd
                0x000000000800134c                RCC_PLLConfig
                0x0000000008001388                RCC_PLLCmd
                0x00000000080013a8                RCC_SYSCLKConfig
                0x00000000080013e0                RCC_GetSYSCLKSource
                0x00000000080013fc                RCC_HCLKConfig
                0x0000000008001434                RCC_PCLK1Config
                0x000000000800146c                RCC_PCLK2Config
                0x00000000080014a4                RCC_ITConfig
                0x00000000080014f0                RCC_USBCLKConfig
                0x000000000800150c                RCC_ADCCLKConfig
                0x0000000008001544                RCC_LSEConfig
                0x0000000008001584                RCC_LSICmd
                0x00000000080015a4                RCC_RTCCLKConfig
                0x00000000080015c8                RCC_RTCCLKCmd
                0x00000000080015e8                RCC_GetClocksFreq
                0x0000000008001740                RCC_AHBPeriphClockCmd
                0x000000000800177c                RCC_APB2PeriphClockCmd
                0x00000000080017b8                RCC_APB1PeriphClockCmd
                0x00000000080017f4                RCC_APB2PeriphResetCmd
                0x0000000008001830                RCC_APB1PeriphResetCmd
                0x000000000800186c                RCC_BackupResetCmd
                0x000000000800188c                RCC_ClockSecuritySystemCmd
                0x00000000080018ac                RCC_MCOConfig
                0x00000000080018cc                RCC_GetFlagStatus
                0x0000000008001940                RCC_ClearFlag
                0x000000000800195c                RCC_GetITStatus
                0x0000000008001990                RCC_ClearITPendingBit
 .text          0x00000000080019b0       0x6e lib/libstm32.a(cortexm3_macro.o)
                0x00000000080019b0                __WFI
                0x00000000080019b4                __WFE
                0x00000000080019b8                __SEV
                0x00000000080019bc                __ISB
                0x00000000080019c2                __DSB
                0x00000000080019c8                __DMB
                0x00000000080019ce                __SVC
                0x00000000080019d2                __MRS_CONTROL
                0x00000000080019d8                __MSR_CONTROL
                0x00000000080019e2                __MRS_PSP
                0x00000000080019e8                __MSR_PSP
                0x00000000080019ee                __MRS_MSP
                0x00000000080019f4                __MSR_MSP
                0x00000000080019fa                __SETPRIMASK
                0x00000000080019fe                __RESETPRIMASK
                0x0000000008001a02                __SETFAULTMASK
                0x0000000008001a06                __RESETFAULTMASK
                0x0000000008001a0a                __BASEPRICONFIG
                0x0000000008001a10                __GetBASEPRI
                0x0000000008001a16                __REV_HalfWord
                0x0000000008001a1a                __REV_Word
 *fill*         0x0000000008001a1e        0x2 
 .text          0x0000000008001a20       0x70 lib/libstm32.a(stm32f10x_vector.o)
                0x0000000008001a20                Reset_Handler
 *(.text.*)
 *(.rodata)
 .rodata        0x0000000008001a90       0x14 lib/libstm32.a(stm32f10x_rcc.o)
 *(.rodata*)
 *(.glue_7)
 .glue_7        0x0000000008001aa4        0x0 linker stubs
 *(.glue_7t)
 .glue_7t       0x0000000008001aa4        0x0 linker stubs
                0x0000000008001aa4                . = ALIGN (0x4)
                0x0000000008001aa4                _etext = .
                0x0000000008001aa4                _sidata = _etext

.vfp11_veneer   0x0000000008001aa4        0x0
 .vfp11_veneer  0x0000000008001aa4        0x0 linker stubs

.v4_bx          0x0000000008001aa4        0x0
 .v4_bx         0x0000000008001aa4        0x0 linker stubs

.init           0x0000000008001aa4        0xc
 .init          0x0000000008001aa4        0xc /usr/lib/gcc/arm-none-eabi/6.3.1/crti.o
                0x0000000008001aa4                _init

.fini           0x0000000008001ab0        0xc
 .fini          0x0000000008001ab0        0xc /usr/lib/gcc/arm-none-eabi/6.3.1/crti.o
                0x0000000008001ab0                _fini

.iplt           0x0000000008001abc        0x0
 .iplt          0x0000000008001abc        0x0 /usr/lib/gcc/arm-none-eabi/6.3.1/crtbegin.o

.rel.dyn        0x0000000008001abc        0x0
 .rel.iplt      0x0000000008001abc        0x0 /usr/lib/gcc/arm-none-eabi/6.3.1/crtbegin.o

.data           0x0000000020000000        0x0 load address 0x0000000008001aa4
                0x0000000020000000                . = ALIGN (0x4)
                0x0000000020000000                _sdata = .
 *(.data)
 *(.data.*)
                0x0000000020000000                . = ALIGN (0x4)
                0x0000000020000000                _edata = .

.igot.plt       0x0000000020000000        0x0
 .igot.plt      0x0000000020000000        0x0 /usr/lib/gcc/arm-none-eabi/6.3.1/crtbegin.o

.bss            0x0000000020000000       0x10
                0x0000000020000000                . = ALIGN (0x4)
                0x0000000020000000                _sbss = .
 *(.bss)
 .bss           0x0000000020000000        0x8 lib/libstm32.a(stm32f10x_rcc.o)
 *(COMMON)
 COMMON         0x0000000020000008        0x8 main.o
                0x0000000020000008                HSEStartUpStatus
                0x000000002000000c                GPIO_InitStructure
                0x0000000020000010                . = ALIGN (0x4)
                0x0000000020000010                _ebss = .
                [!provide]                        PROVIDE (end, _ebss)
                [!provide]                        PROVIDE (_end, _ebss)

._usrstack      0x0000000020000010      0x100
                0x0000000020000010                . = ALIGN (0x4)
                0x0000000020000010                _susrstack = .
                0x0000000020000110                . = (. + _Minimum_Stack_Size)
 *fill*         0x0000000020000010      0x100 
                0x0000000020000110                . = ALIGN (0x4)
                0x0000000020000110                _eusrstack = .

.b1text
 *(.b1text)
 *(.b1rodata)
 *(.b1rodata*)

.eb0text
 *(.eb0text)
 *(.eb0rodata)
 *(.eb0rodata*)

.eb1text
 *(.eb1text)
 *(.eb1rodata)
 *(.eb1rodata*)

.eb2text
 *(.eb2text)
 *(.eb2rodata)
 *(.eb2rodata*)

.eb3text
 *(.eb3text)
 *(.eb3rodata)
 *(.eb3rodata*)
                0x0000000020000110                __exidx_start = .
                0x0000000020000110                __exidx_end = .

/DISCARD/
 libc.a(*)
 libm.a(*)
 libgcc.a(*)

.stab
 *(.stab)

.stabstr
 *(.stabstr)

.stab.excl
 *(.stab.excl)

.stab.exclstr
 *(.stab.exclstr)

.stab.index
 *(.stab.index)

.stab.indexstr
 *(.stab.indexstr)

.comment        0x0000000000000000       0x31
 *(.comment)
 .comment       0x0000000000000000       0x31 main.o
                                         0x32 (size before relaxing)
 .comment       0x0000000000000031       0x32 stm32f10x_it.o
 .comment       0x0000000000000031       0x32 lib/libstm32.a(stm32f10x_flash.o)
 .comment       0x0000000000000031       0x32 lib/libstm32.a(stm32f10x_gpio.o)
 .comment       0x0000000000000031       0x32 lib/libstm32.a(stm32f10x_nvic.o)
 .comment       0x0000000000000031       0x32 lib/libstm32.a(stm32f10x_rcc.o)
 .comment       0x0000000000000031       0x32 lib/libstm32.a(stm32f10x_vector.o)

.ARM.attributes
                0x0000000000000000       0x31
 .ARM.attributes
                0x0000000000000000       0x16 /usr/lib/gcc/arm-none-eabi/6.3.1/crti.o
 .ARM.attributes
                0x0000000000000016       0x33 main.o
 .ARM.attributes
                0x0000000000000049       0x33 stm32f10x_it.o
 .ARM.attributes
                0x000000000000007c       0x33 lib/libstm32.a(stm32f10x_flash.o)
 .ARM.attributes
                0x00000000000000af       0x33 lib/libstm32.a(stm32f10x_gpio.o)
 .ARM.attributes
                0x00000000000000e2       0x33 lib/libstm32.a(stm32f10x_nvic.o)
 .ARM.attributes
                0x0000000000000115       0x33 lib/libstm32.a(stm32f10x_rcc.o)
 .ARM.attributes
                0x0000000000000148       0x21 lib/libstm32.a(cortexm3_macro.o)
 .ARM.attributes
                0x0000000000000169       0x33 lib/libstm32.a(stm32f10x_vector.o)

.debug
 *(.debug)

.line
 *(.line)

.debug_srcinfo
 *(.debug_srcinfo)

.debug_sfnames
 *(.debug_sfnames)

.debug_aranges  0x0000000000000000      0x100
 *(.debug_aranges)
 .debug_aranges
                0x0000000000000000       0x20 main.o
 .debug_aranges
                0x0000000000000020       0x20 stm32f10x_it.o
 .debug_aranges
                0x0000000000000040       0x20 lib/libstm32.a(stm32f10x_flash.o)
 .debug_aranges
                0x0000000000000060       0x20 lib/libstm32.a(stm32f10x_gpio.o)
 .debug_aranges
                0x0000000000000080       0x20 lib/libstm32.a(stm32f10x_nvic.o)
 .debug_aranges
                0x00000000000000a0       0x20 lib/libstm32.a(stm32f10x_rcc.o)
 .debug_aranges
                0x00000000000000c0       0x20 lib/libstm32.a(cortexm3_macro.o)
 .debug_aranges
                0x00000000000000e0       0x20 lib/libstm32.a(stm32f10x_vector.o)

.debug_pubnames
 *(.debug_pubnames)

.debug_info     0x0000000000000000     0x1ff4
 *(.debug_info .gnu.linkonce.wi.*)
 .debug_info    0x0000000000000000      0x273 main.o
 .debug_info    0x0000000000000273      0x3ec stm32f10x_it.o
 .debug_info    0x000000000000065f      0x157 lib/libstm32.a(stm32f10x_flash.o)
 .debug_info    0x00000000000007b6      0x639 lib/libstm32.a(stm32f10x_gpio.o)
 .debug_info    0x0000000000000def      0x891 lib/libstm32.a(stm32f10x_nvic.o)
 .debug_info    0x0000000000001680      0x836 lib/libstm32.a(stm32f10x_rcc.o)
 .debug_info    0x0000000000001eb6       0x57 lib/libstm32.a(cortexm3_macro.o)
 .debug_info    0x0000000000001f0d       0xe7 lib/libstm32.a(stm32f10x_vector.o)

.debug_abbrev   0x0000000000000000      0x860
 *(.debug_abbrev)
 .debug_abbrev  0x0000000000000000      0x103 main.o
 .debug_abbrev  0x0000000000000103       0x4f stm32f10x_it.o
 .debug_abbrev  0x0000000000000152       0xac lib/libstm32.a(stm32f10x_flash.o)
 .debug_abbrev  0x00000000000001fe      0x194 lib/libstm32.a(stm32f10x_gpio.o)
 .debug_abbrev  0x0000000000000392      0x242 lib/libstm32.a(stm32f10x_nvic.o)
 .debug_abbrev  0x00000000000005d4      0x1d6 lib/libstm32.a(stm32f10x_rcc.o)
 .debug_abbrev  0x00000000000007aa       0x14 lib/libstm32.a(cortexm3_macro.o)
 .debug_abbrev  0x00000000000007be       0xa2 lib/libstm32.a(stm32f10x_vector.o)

.debug_line     0x0000000000000000      0x848
 *(.debug_line)
 .debug_line    0x0000000000000000       0xd1 main.o
 .debug_line    0x00000000000000d1      0x11b stm32f10x_it.o
 .debug_line    0x00000000000001ec       0x88 lib/libstm32.a(stm32f10x_flash.o)
 .debug_line    0x0000000000000274      0x166 lib/libstm32.a(stm32f10x_gpio.o)
 .debug_line    0x00000000000003da      0x1b3 lib/libstm32.a(stm32f10x_nvic.o)
 .debug_line    0x000000000000058d      0x1c5 lib/libstm32.a(stm32f10x_rcc.o)
 .debug_line    0x0000000000000752       0x9a lib/libstm32.a(cortexm3_macro.o)
 .debug_line    0x00000000000007ec       0x5c lib/libstm32.a(stm32f10x_vector.o)

.debug_frame    0x0000000000000000     0x13b0
 *(.debug_frame)
 .debug_frame   0x0000000000000000       0x8c main.o
 .debug_frame   0x000000000000008c      0x670 stm32f10x_it.o
 .debug_frame   0x00000000000006fc       0x88 lib/libstm32.a(stm32f10x_flash.o)
 .debug_frame   0x0000000000000784      0x2a8 lib/libstm32.a(stm32f10x_gpio.o)
 .debug_frame   0x0000000000000a2c      0x458 lib/libstm32.a(stm32f10x_nvic.o)
 .debug_frame   0x0000000000000e84      0x4ec lib/libstm32.a(stm32f10x_rcc.o)
 .debug_frame   0x0000000000001370       0x40 lib/libstm32.a(stm32f10x_vector.o)

.debug_str      0x0000000000000000     0x128d
 *(.debug_str)
 .debug_str     0x0000000000000000      0x24a main.o
                                        0x25c (size before relaxing)
 .debug_str     0x000000000000024a      0x3ca stm32f10x_it.o
                                        0x473 (size before relaxing)
 .debug_str     0x0000000000000614       0xb9 lib/libstm32.a(stm32f10x_flash.o)
                                        0x16c (size before relaxing)
 .debug_str     0x00000000000006cd      0x224 lib/libstm32.a(stm32f10x_gpio.o)
                                        0x3fe (size before relaxing)
 .debug_str     0x00000000000008f1      0x50d lib/libstm32.a(stm32f10x_nvic.o)
                                        0x616 (size before relaxing)
 .debug_str     0x0000000000000dfe      0x419 lib/libstm32.a(stm32f10x_rcc.o)
                                        0x548 (size before relaxing)
 .debug_str     0x0000000000001217       0x76 lib/libstm32.a(stm32f10x_vector.o)
                                         0xdf (size before relaxing)

.debug_loc
 *(.debug_loc)

.debug_macinfo
 *(.debug_macinfo)

.debug_weaknames
 *(.debug_weaknames)

.debug_funcnames
 *(.debug_funcnames)

.debug_typenames
 *(.debug_typenames)

.debug_varnames
 *(.debug_varnames)
OUTPUT(main.elf elf32-littlearm)

Cross Reference Table

Symbol                                            File
ADC_IRQHandler                                    stm32f10x_it.o
                                                  lib/libstm32.a(stm32f10x_vector.o)
BusFaultException                                 stm32f10x_it.o
                                                  lib/libstm32.a(stm32f10x_vector.o)
CAN_RX1_IRQHandler                                stm32f10x_it.o
                                                  lib/libstm32.a(stm32f10x_vector.o)
CAN_SCE_IRQHandler                                stm32f10x_it.o
                                                  lib/libstm32.a(stm32f10x_vector.o)
DMAChannel1_IRQHandler                            stm32f10x_it.o
                                                  lib/libstm32.a(stm32f10x_vector.o)
DMAChannel2_IRQHandler                            stm32f10x_it.o
                                                  lib/libstm32.a(stm32f10x_vector.o)
DMAChannel3_IRQHandler                            stm32f10x_it.o
                                                  lib/libstm32.a(stm32f10x_vector.o)
DMAChannel4_IRQHandler                            stm32f10x_it.o
                                                  lib/libstm32.a(stm32f10x_vector.o)
DMAChannel5_IRQHandler                            stm32f10x_it.o
                                                  lib/libstm32.a(stm32f10x_vector.o)
DMAChannel6_IRQHandler                            stm32f10x_it.o
                                                  lib/libstm32.a(stm32f10x_vector.o)
DMAChannel7_IRQHandler                            stm32f10x_it.o
                                                  lib/libstm32.a(stm32f10x_vector.o)
DebugMonitor                                      stm32f10x_it.o
                                                  lib/libstm32.a(stm32f10x_vector.o)
Delay                                             main.o
EXTI0_IRQHandler                                  stm32f10x_it.o
                                                  lib/libstm32.a(stm32f10x_vector.o)
EXTI15_10_IRQHandler                              stm32f10x_it.o
                                                  lib/libstm32.a(stm32f10x_vector.o)
EXTI1_IRQHandler                                  stm32f10x_it.o
                                                  lib/libstm32.a(stm32f10x_vector.o)
EXTI2_IRQHandler                                  stm32f10x_it.o
                                                  lib/libstm32.a(stm32f10x_vector.o)
EXTI3_IRQHandler                                  stm32f10x_it.o
                                                  lib/libstm32.a(stm32f10x_vector.o)
EXTI4_IRQHandler                                  stm32f10x_it.o
                                                  lib/libstm32.a(stm32f10x_vector.o)
EXTI9_5_IRQHandler                                stm32f10x_it.o
                                                  lib/libstm32.a(stm32f10x_vector.o)
FLASH_HalfCycleAccessCmd                          lib/libstm32.a(stm32f10x_flash.o)
FLASH_IRQHandler                                  stm32f10x_it.o
                                                  lib/libstm32.a(stm32f10x_vector.o)
FLASH_PrefetchBufferCmd                           lib/libstm32.a(stm32f10x_flash.o)
                                                  main.o
FLASH_SetLatency                                  lib/libstm32.a(stm32f10x_flash.o)
                                                  main.o
GPIO_AFIODeInit                                   lib/libstm32.a(stm32f10x_gpio.o)
GPIO_DeInit                                       lib/libstm32.a(stm32f10x_gpio.o)
GPIO_EXTILineConfig                               lib/libstm32.a(stm32f10x_gpio.o)
GPIO_EventOutputCmd                               lib/libstm32.a(stm32f10x_gpio.o)
GPIO_EventOutputConfig                            lib/libstm32.a(stm32f10x_gpio.o)
GPIO_Init                                         lib/libstm32.a(stm32f10x_gpio.o)
                                                  main.o
GPIO_InitStructure                                main.o
GPIO_PinLockConfig                                lib/libstm32.a(stm32f10x_gpio.o)
GPIO_PinRemapConfig                               lib/libstm32.a(stm32f10x_gpio.o)
GPIO_ReadInputData                                lib/libstm32.a(stm32f10x_gpio.o)
GPIO_ReadInputDataBit                             lib/libstm32.a(stm32f10x_gpio.o)
GPIO_ReadOutputData                               lib/libstm32.a(stm32f10x_gpio.o)
GPIO_ReadOutputDataBit                            lib/libstm32.a(stm32f10x_gpio.o)
GPIO_ResetBits                                    lib/libstm32.a(stm32f10x_gpio.o)
                                                  main.o
GPIO_SetBits                                      lib/libstm32.a(stm32f10x_gpio.o)
                                                  main.o
GPIO_StructInit                                   lib/libstm32.a(stm32f10x_gpio.o)
GPIO_Write                                        lib/libstm32.a(stm32f10x_gpio.o)
GPIO_WriteBit                                     lib/libstm32.a(stm32f10x_gpio.o)
HSEStartUpStatus                                  main.o
HardFaultException                                stm32f10x_it.o
                                                  lib/libstm32.a(stm32f10x_vector.o)
I2C1_ER_IRQHandler                                stm32f10x_it.o
                                                  lib/libstm32.a(stm32f10x_vector.o)
I2C1_EV_IRQHandler                                stm32f10x_it.o
                                                  lib/libstm32.a(stm32f10x_vector.o)
I2C2_ER_IRQHandler                                stm32f10x_it.o
                                                  lib/libstm32.a(stm32f10x_vector.o)
I2C2_EV_IRQHandler                                stm32f10x_it.o
                                                  lib/libstm32.a(stm32f10x_vector.o)
MemManageException                                stm32f10x_it.o
                                                  lib/libstm32.a(stm32f10x_vector.o)
NMIException                                      stm32f10x_it.o
                                                  lib/libstm32.a(stm32f10x_vector.o)
NVIC_BASEPRICONFIG                                lib/libstm32.a(stm32f10x_nvic.o)
NVIC_ClearIRQChannelPendingBit                    lib/libstm32.a(stm32f10x_nvic.o)
NVIC_ClearSystemHandlerPendingBit                 lib/libstm32.a(stm32f10x_nvic.o)
NVIC_Configuration                                main.o
NVIC_DeInit                                       lib/libstm32.a(stm32f10x_nvic.o)
NVIC_GenerateCoreReset                            lib/libstm32.a(stm32f10x_nvic.o)
NVIC_GenerateSystemReset                          lib/libstm32.a(stm32f10x_nvic.o)
NVIC_GetBASEPRI                                   lib/libstm32.a(stm32f10x_nvic.o)
NVIC_GetCPUID                                     lib/libstm32.a(stm32f10x_nvic.o)
NVIC_GetCurrentActiveHandler                      lib/libstm32.a(stm32f10x_nvic.o)
NVIC_GetCurrentPendingIRQChannel                  lib/libstm32.a(stm32f10x_nvic.o)
NVIC_GetFaultAddress                              lib/libstm32.a(stm32f10x_nvic.o)
NVIC_GetFaultHandlerSources                       lib/libstm32.a(stm32f10x_nvic.o)
NVIC_GetIRQChannelActiveBitStatus                 lib/libstm32.a(stm32f10x_nvic.o)
NVIC_GetIRQChannelPendingBitStatus                lib/libstm32.a(stm32f10x_nvic.o)
NVIC_GetSystemHandlerActiveBitStatus              lib/libstm32.a(stm32f10x_nvic.o)
NVIC_GetSystemHandlerPendingBitStatus             lib/libstm32.a(stm32f10x_nvic.o)
NVIC_Init                                         lib/libstm32.a(stm32f10x_nvic.o)
NVIC_PriorityGroupConfig                          lib/libstm32.a(stm32f10x_nvic.o)
NVIC_RESETFAULTMASK                               lib/libstm32.a(stm32f10x_nvic.o)
NVIC_RESETPRIMASK                                 lib/libstm32.a(stm32f10x_nvic.o)
NVIC_SCBDeInit                                    lib/libstm32.a(stm32f10x_nvic.o)
NVIC_SETFAULTMASK                                 lib/libstm32.a(stm32f10x_nvic.o)
NVIC_SETPRIMASK                                   lib/libstm32.a(stm32f10x_nvic.o)
NVIC_SetIRQChannelPendingBit                      lib/libstm32.a(stm32f10x_nvic.o)
NVIC_SetSystemHandlerPendingBit                   lib/libstm32.a(stm32f10x_nvic.o)
NVIC_SetVectorTable                               lib/libstm32.a(stm32f10x_nvic.o)
                                                  main.o
NVIC_StructInit                                   lib/libstm32.a(stm32f10x_nvic.o)
NVIC_SystemHandlerConfig                          lib/libstm32.a(stm32f10x_nvic.o)
NVIC_SystemHandlerPriorityConfig                  lib/libstm32.a(stm32f10x_nvic.o)
NVIC_SystemLPConfig                               lib/libstm32.a(stm32f10x_nvic.o)
PVD_IRQHandler                                    stm32f10x_it.o
                                                  lib/libstm32.a(stm32f10x_vector.o)
PendSVC                                           stm32f10x_it.o
                                                  lib/libstm32.a(stm32f10x_vector.o)
RCC_ADCCLKConfig                                  lib/libstm32.a(stm32f10x_rcc.o)
RCC_AHBPeriphClockCmd                             lib/libstm32.a(stm32f10x_rcc.o)
RCC_APB1PeriphClockCmd                            lib/libstm32.a(stm32f10x_rcc.o)
RCC_APB1PeriphResetCmd                            lib/libstm32.a(stm32f10x_rcc.o)
RCC_APB2PeriphClockCmd                            lib/libstm32.a(stm32f10x_rcc.o)
                                                  main.o
RCC_APB2PeriphResetCmd                            lib/libstm32.a(stm32f10x_rcc.o)
                                                  lib/libstm32.a(stm32f10x_gpio.o)
RCC_AdjustHSICalibrationValue                     lib/libstm32.a(stm32f10x_rcc.o)
RCC_BackupResetCmd                                lib/libstm32.a(stm32f10x_rcc.o)
RCC_ClearFlag                                     lib/libstm32.a(stm32f10x_rcc.o)
RCC_ClearITPendingBit                             lib/libstm32.a(stm32f10x_rcc.o)
RCC_ClockSecuritySystemCmd                        lib/libstm32.a(stm32f10x_rcc.o)
RCC_Configuration                                 main.o
RCC_DeInit                                        lib/libstm32.a(stm32f10x_rcc.o)
                                                  main.o
RCC_GetClocksFreq                                 lib/libstm32.a(stm32f10x_rcc.o)
RCC_GetFlagStatus                                 lib/libstm32.a(stm32f10x_rcc.o)
                                                  main.o
RCC_GetITStatus                                   lib/libstm32.a(stm32f10x_rcc.o)
RCC_GetSYSCLKSource                               lib/libstm32.a(stm32f10x_rcc.o)
                                                  main.o
RCC_HCLKConfig                                    lib/libstm32.a(stm32f10x_rcc.o)
                                                  main.o
RCC_HSEConfig                                     lib/libstm32.a(stm32f10x_rcc.o)
                                                  main.o
RCC_HSICmd                                        lib/libstm32.a(stm32f10x_rcc.o)
RCC_IRQHandler                                    stm32f10x_it.o
                                                  lib/libstm32.a(stm32f10x_vector.o)
RCC_ITConfig                                      lib/libstm32.a(stm32f10x_rcc.o)
RCC_LSEConfig                                     lib/libstm32.a(stm32f10x_rcc.o)
RCC_LSICmd                                        lib/libstm32.a(stm32f10x_rcc.o)
RCC_MCOConfig                                     lib/libstm32.a(stm32f10x_rcc.o)
RCC_PCLK1Config                                   lib/libstm32.a(stm32f10x_rcc.o)
                                                  main.o
RCC_PCLK2Config                                   lib/libstm32.a(stm32f10x_rcc.o)
                                                  main.o
RCC_PLLCmd                                        lib/libstm32.a(stm32f10x_rcc.o)
                                                  main.o
RCC_PLLConfig                                     lib/libstm32.a(stm32f10x_rcc.o)
                                                  main.o
RCC_RTCCLKCmd                                     lib/libstm32.a(stm32f10x_rcc.o)
RCC_RTCCLKConfig                                  lib/libstm32.a(stm32f10x_rcc.o)
RCC_SYSCLKConfig                                  lib/libstm32.a(stm32f10x_rcc.o)
                                                  main.o
RCC_USBCLKConfig                                  lib/libstm32.a(stm32f10x_rcc.o)
RCC_WaitForHSEStartUp                             lib/libstm32.a(stm32f10x_rcc.o)
                                                  main.o
RTCAlarm_IRQHandler                               stm32f10x_it.o
                                                  lib/libstm32.a(stm32f10x_vector.o)
RTC_IRQHandler                                    stm32f10x_it.o
                                                  lib/libstm32.a(stm32f10x_vector.o)
Reset_Handler                                     lib/libstm32.a(stm32f10x_vector.o)
SPI1_IRQHandler                                   stm32f10x_it.o
                                                  lib/libstm32.a(stm32f10x_vector.o)
SPI2_IRQHandler                                   stm32f10x_it.o
                                                  lib/libstm32.a(stm32f10x_vector.o)
SVCHandler                                        stm32f10x_it.o
                                                  lib/libstm32.a(stm32f10x_vector.o)
SysTickHandler                                    stm32f10x_it.o
                                                  lib/libstm32.a(stm32f10x_vector.o)
TAMPER_IRQHandler                                 stm32f10x_it.o
                                                  lib/libstm32.a(stm32f10x_vector.o)
TIM1_BRK_IRQHandler                               stm32f10x_it.o
                                                  lib/libstm32.a(stm32f10x_vector.o)
TIM1_CC_IRQHandler                                stm32f10x_it.o
                                                  lib/libstm32.a(stm32f10x_vector.o)
TIM1_TRG_COM_IRQHandler                           stm32f10x_it.o
                                                  lib/libstm32.a(stm32f10x_vector.o)
TIM1_UP_IRQHandler                                stm32f10x_it.o
                                                  lib/libstm32.a(stm32f10x_vector.o)
TIM2_IRQHandler                                   stm32f10x_it.o
                                                  lib/libstm32.a(stm32f10x_vector.o)
TIM3_IRQHandler                                   stm32f10x_it.o
                                                  lib/libstm32.a(stm32f10x_vector.o)
TIM4_IRQHandler                                   stm32f10x_it.o
                                                  lib/libstm32.a(stm32f10x_vector.o)
USART1_IRQHandler                                 stm32f10x_it.o
                                                  lib/libstm32.a(stm32f10x_vector.o)
USART2_IRQHandler                                 stm32f10x_it.o
                                                  lib/libstm32.a(stm32f10x_vector.o)
USART3_IRQHandler                                 stm32f10x_it.o
                                                  lib/libstm32.a(stm32f10x_vector.o)
USBWakeUp_IRQHandler                              stm32f10x_it.o
                                                  lib/libstm32.a(stm32f10x_vector.o)
USB_HP_CAN_TX_IRQHandler                          stm32f10x_it.o
                                                  lib/libstm32.a(stm32f10x_vector.o)
USB_LP_CAN_RX0_IRQHandler                         stm32f10x_it.o
                                                  lib/libstm32.a(stm32f10x_vector.o)
UsageFaultException                               stm32f10x_it.o
                                                  lib/libstm32.a(stm32f10x_vector.o)
WWDG_IRQHandler                                   stm32f10x_it.o
                                                  lib/libstm32.a(stm32f10x_vector.o)
_ITM_deregisterTMCloneTable                       /usr/lib/gcc/arm-none-eabi/6.3.1/crtbegin.o
_ITM_registerTMCloneTable                         /usr/lib/gcc/arm-none-eabi/6.3.1/crtbegin.o
_Jv_RegisterClasses                               /usr/lib/gcc/arm-none-eabi/6.3.1/crtbegin.o
__BASEPRICONFIG                                   lib/libstm32.a(cortexm3_macro.o)
                                                  lib/libstm32.a(stm32f10x_nvic.o)
__DMB                                             lib/libstm32.a(cortexm3_macro.o)
__DSB                                             lib/libstm32.a(cortexm3_macro.o)
__GetBASEPRI                                      lib/libstm32.a(cortexm3_macro.o)
                                                  lib/libstm32.a(stm32f10x_nvic.o)
__ISB                                             lib/libstm32.a(cortexm3_macro.o)
__MRS_CONTROL                                     lib/libstm32.a(cortexm3_macro.o)
__MRS_MSP                                         lib/libstm32.a(cortexm3_macro.o)
__MRS_PSP                                         lib/libstm32.a(cortexm3_macro.o)
__MSR_CONTROL                                     lib/libstm32.a(cortexm3_macro.o)
__MSR_MSP                                         lib/libstm32.a(cortexm3_macro.o)
__MSR_PSP                                         lib/libstm32.a(cortexm3_macro.o)
__RESETFAULTMASK                                  lib/libstm32.a(cortexm3_macro.o)
                                                  lib/libstm32.a(stm32f10x_nvic.o)
__RESETPRIMASK                                    lib/libstm32.a(cortexm3_macro.o)
                                                  lib/libstm32.a(stm32f10x_nvic.o)
__REV_HalfWord                                    lib/libstm32.a(cortexm3_macro.o)
__REV_Word                                        lib/libstm32.a(cortexm3_macro.o)
__SETFAULTMASK                                    lib/libstm32.a(cortexm3_macro.o)
                                                  lib/libstm32.a(stm32f10x_nvic.o)
__SETPRIMASK                                      lib/libstm32.a(cortexm3_macro.o)
                                                  lib/libstm32.a(stm32f10x_nvic.o)
__SEV                                             lib/libstm32.a(cortexm3_macro.o)
__SVC                                             lib/libstm32.a(cortexm3_macro.o)
__TMC_END__                                       /usr/lib/gcc/arm-none-eabi/6.3.1/crtend.o
                                                  /usr/lib/gcc/arm-none-eabi/6.3.1/crtbegin.o
__WFE                                             lib/libstm32.a(cortexm3_macro.o)
__WFI                                             lib/libstm32.a(cortexm3_macro.o)
__bss_end__                                       /usr/lib/gcc/arm-none-eabi/6.3.1/../../../arm-none-eabi/lib/crt0.o
__bss_start__                                     /usr/lib/gcc/arm-none-eabi/6.3.1/../../../arm-none-eabi/lib/crt0.o
__call_exitprocs                                  /usr/lib/gcc/arm-none-eabi/6.3.1/../../../arm-none-eabi/lib/libc.a(lib_a-__call_atexit.o)
                                                  /usr/lib/gcc/arm-none-eabi/6.3.1/../../../arm-none-eabi/lib/libc.a(lib_a-exit.o)
__deregister_frame_info                           /usr/lib/gcc/arm-none-eabi/6.3.1/crtbegin.o
__dso_handle                                      /usr/lib/gcc/arm-none-eabi/6.3.1/crtbegin.o
__fini_array_end                                  /usr/lib/gcc/arm-none-eabi/6.3.1/../../../arm-none-eabi/lib/libc.a(lib_a-fini.o)
__fini_array_start                                /usr/lib/gcc/arm-none-eabi/6.3.1/../../../arm-none-eabi/lib/libc.a(lib_a-fini.o)
__init_array_end                                  /usr/lib/gcc/arm-none-eabi/6.3.1/../../../arm-none-eabi/lib/libc.a(lib_a-init.o)
__init_array_start                                /usr/lib/gcc/arm-none-eabi/6.3.1/../../../arm-none-eabi/lib/libc.a(lib_a-init.o)
__libc_fini                                       /usr/lib/gcc/arm-none-eabi/6.3.1/../../../arm-none-eabi/lib/libc.a(lib_a-__call_atexit.o)
__libc_fini_array                                 /usr/lib/gcc/arm-none-eabi/6.3.1/../../../arm-none-eabi/lib/libc.a(lib_a-fini.o)
                                                  /usr/lib/gcc/arm-none-eabi/6.3.1/../../../arm-none-eabi/lib/libc.a(lib_a-__call_atexit.o)
                                                  /usr/lib/gcc/arm-none-eabi/6.3.1/../../../arm-none-eabi/lib/crt0.o
__libc_init_array                                 /usr/lib/gcc/arm-none-eabi/6.3.1/../../../arm-none-eabi/lib/libc.a(lib_a-init.o)
                                                  /usr/lib/gcc/arm-none-eabi/6.3.1/../../../arm-none-eabi/lib/crt0.o
__preinit_array_end                               /usr/lib/gcc/arm-none-eabi/6.3.1/../../../arm-none-eabi/lib/libc.a(lib_a-init.o)
__preinit_array_start                             /usr/lib/gcc/arm-none-eabi/6.3.1/../../../arm-none-eabi/lib/libc.a(lib_a-init.o)
__register_exitproc                               /usr/lib/gcc/arm-none-eabi/6.3.1/../../../arm-none-eabi/lib/libc.a(lib_a-__atexit.o)
                                                  /usr/lib/gcc/arm-none-eabi/6.3.1/../../../arm-none-eabi/lib/libc.a(lib_a-atexit.o)
__register_frame_info                             /usr/lib/gcc/arm-none-eabi/6.3.1/crtbegin.o
__stack                                           /usr/lib/gcc/arm-none-eabi/6.3.1/../../../arm-none-eabi/lib/crt0.o
_ebss                                             lib/libstm32.a(stm32f10x_vector.o)
_edata                                            lib/libstm32.a(stm32f10x_vector.o)
_estack                                           lib/libstm32.a(stm32f10x_vector.o)
_exit                                             /usr/lib/gcc/arm-none-eabi/6.3.1/../../../arm-none-eabi/lib/libc.a(lib_a-exit.o)
_fini                                             /usr/lib/gcc/arm-none-eabi/6.3.1/crti.o
                                                  /usr/lib/gcc/arm-none-eabi/6.3.1/../../../arm-none-eabi/lib/libc.a(lib_a-fini.o)
_global_impure_ptr                                /usr/lib/gcc/arm-none-eabi/6.3.1/../../../arm-none-eabi/lib/libc.a(lib_a-impure.o)
                                                  /usr/lib/gcc/arm-none-eabi/6.3.1/../../../arm-none-eabi/lib/libc.a(lib_a-__call_atexit.o)
                                                  /usr/lib/gcc/arm-none-eabi/6.3.1/../../../arm-none-eabi/lib/libc.a(lib_a-__atexit.o)
                                                  /usr/lib/gcc/arm-none-eabi/6.3.1/../../../arm-none-eabi/lib/libc.a(lib_a-exit.o)
_impure_ptr                                       /usr/lib/gcc/arm-none-eabi/6.3.1/../../../arm-none-eabi/lib/libc.a(lib_a-impure.o)
_init                                             /usr/lib/gcc/arm-none-eabi/6.3.1/crti.o
                                                  /usr/lib/gcc/arm-none-eabi/6.3.1/../../../arm-none-eabi/lib/libc.a(lib_a-init.o)
_mainCRTStartup                                   /usr/lib/gcc/arm-none-eabi/6.3.1/../../../arm-none-eabi/lib/crt0.o
_sbss                                             lib/libstm32.a(stm32f10x_vector.o)
_sdata                                            lib/libstm32.a(stm32f10x_vector.o)
_sidata                                           lib/libstm32.a(stm32f10x_vector.o)
_start                                            /usr/lib/gcc/arm-none-eabi/6.3.1/../../../arm-none-eabi/lib/crt0.o
atexit                                            /usr/lib/gcc/arm-none-eabi/6.3.1/../../../arm-none-eabi/lib/libc.a(lib_a-atexit.o)
                                                  /usr/lib/gcc/arm-none-eabi/6.3.1/../../../arm-none-eabi/lib/libc.a(lib_a-__call_atexit.o)
                                                  /usr/lib/gcc/arm-none-eabi/6.3.1/../../../arm-none-eabi/lib/crt0.o
exit                                              /usr/lib/gcc/arm-none-eabi/6.3.1/../../../arm-none-eabi/lib/libc.a(lib_a-exit.o)
                                                  /usr/lib/gcc/arm-none-eabi/6.3.1/../../../arm-none-eabi/lib/crt0.o
free                                              /usr/lib/gcc/arm-none-eabi/6.3.1/../../../arm-none-eabi/lib/libc.a(lib_a-__call_atexit.o)
g_pfnVectors                                      lib/libstm32.a(stm32f10x_vector.o)
hardware_init_hook                                /usr/lib/gcc/arm-none-eabi/6.3.1/../../../arm-none-eabi/lib/crt0.o
main                                              main.o
                                                  lib/libstm32.a(stm32f10x_vector.o)
                                                  /usr/lib/gcc/arm-none-eabi/6.3.1/../../../arm-none-eabi/lib/crt0.o
malloc                                            /usr/lib/gcc/arm-none-eabi/6.3.1/../../../arm-none-eabi/lib/libc.a(lib_a-__atexit.o)
memset                                            /usr/lib/gcc/arm-none-eabi/6.3.1/../../../arm-none-eabi/lib/libc.a(lib_a-memset.o)
                                                  /usr/lib/gcc/arm-none-eabi/6.3.1/../../../arm-none-eabi/lib/crt0.o
software_init_hook                                /usr/lib/gcc/arm-none-eabi/6.3.1/../../../arm-none-eabi/lib/crt0.o
