Archive member included to satisfy reference by file (symbol)

/home/smooker/src/stm32/other/gcc-arm-none-eabi-8-2018-q4-major/bin/../lib/gcc/arm-none-eabi/8.2.1/../../../../arm-none-eabi/lib/thumb/v7-m/nofp/libc_nano.a(lib_a-errno.o)
                              build/syscalls.o (__errno)
/home/smooker/src/stm32/other/gcc-arm-none-eabi-8-2018-q4-major/bin/../lib/gcc/arm-none-eabi/8.2.1/../../../../arm-none-eabi/lib/thumb/v7-m/nofp/libc_nano.a(lib_a-exit.o)
                              /home/smooker/src/stm32/other/gcc-arm-none-eabi-8-2018-q4-major/bin/../lib/gcc/arm-none-eabi/8.2.1/../../../../arm-none-eabi/lib/thumb/v7-m/nofp/crt0.o (exit)
/home/smooker/src/stm32/other/gcc-arm-none-eabi-8-2018-q4-major/bin/../lib/gcc/arm-none-eabi/8.2.1/../../../../arm-none-eabi/lib/thumb/v7-m/nofp/libc_nano.a(lib_a-impure.o)
                              /home/smooker/src/stm32/other/gcc-arm-none-eabi-8-2018-q4-major/bin/../lib/gcc/arm-none-eabi/8.2.1/../../../../arm-none-eabi/lib/thumb/v7-m/nofp/libc_nano.a(lib_a-exit.o) (_global_impure_ptr)
/home/smooker/src/stm32/other/gcc-arm-none-eabi-8-2018-q4-major/bin/../lib/gcc/arm-none-eabi/8.2.1/../../../../arm-none-eabi/lib/thumb/v7-m/nofp/libc_nano.a(lib_a-init.o)
                              /home/smooker/src/stm32/other/gcc-arm-none-eabi-8-2018-q4-major/bin/../lib/gcc/arm-none-eabi/8.2.1/../../../../arm-none-eabi/lib/thumb/v7-m/nofp/crt0.o (__libc_init_array)
/home/smooker/src/stm32/other/gcc-arm-none-eabi-8-2018-q4-major/bin/../lib/gcc/arm-none-eabi/8.2.1/../../../../arm-none-eabi/lib/thumb/v7-m/nofp/libc_nano.a(lib_a-memset.o)
                              /home/smooker/src/stm32/other/gcc-arm-none-eabi-8-2018-q4-major/bin/../lib/gcc/arm-none-eabi/8.2.1/../../../../arm-none-eabi/lib/thumb/v7-m/nofp/crt0.o (memset)
/home/smooker/src/stm32/other/gcc-arm-none-eabi-8-2018-q4-major/bin/../lib/gcc/arm-none-eabi/8.2.1/../../../../arm-none-eabi/lib/thumb/v7-m/nofp/libc_nano.a(lib_a-printf.o)
                              build/main.o (printf)
/home/smooker/src/stm32/other/gcc-arm-none-eabi-8-2018-q4-major/bin/../lib/gcc/arm-none-eabi/8.2.1/../../../../arm-none-eabi/lib/thumb/v7-m/nofp/libc_nano.a(lib_a-putchar.o)
                              build/usbd_core.o (putchar)
/home/smooker/src/stm32/other/gcc-arm-none-eabi-8-2018-q4-major/bin/../lib/gcc/arm-none-eabi/8.2.1/../../../../arm-none-eabi/lib/thumb/v7-m/nofp/libc_nano.a(lib_a-findfp.o)
                              /home/smooker/src/stm32/other/gcc-arm-none-eabi-8-2018-q4-major/bin/../lib/gcc/arm-none-eabi/8.2.1/../../../../arm-none-eabi/lib/thumb/v7-m/nofp/libc_nano.a(lib_a-printf.o) (__sinit)
/home/smooker/src/stm32/other/gcc-arm-none-eabi-8-2018-q4-major/bin/../lib/gcc/arm-none-eabi/8.2.1/../../../../arm-none-eabi/lib/thumb/v7-m/nofp/libc_nano.a(lib_a-fwalk.o)
                              /home/smooker/src/stm32/other/gcc-arm-none-eabi-8-2018-q4-major/bin/../lib/gcc/arm-none-eabi/8.2.1/../../../../arm-none-eabi/lib/thumb/v7-m/nofp/libc_nano.a(lib_a-findfp.o) (_fwalk)
/home/smooker/src/stm32/other/gcc-arm-none-eabi-8-2018-q4-major/bin/../lib/gcc/arm-none-eabi/8.2.1/../../../../arm-none-eabi/lib/thumb/v7-m/nofp/libc_nano.a(lib_a-lock.o)
                              /home/smooker/src/stm32/other/gcc-arm-none-eabi-8-2018-q4-major/bin/../lib/gcc/arm-none-eabi/8.2.1/../../../../arm-none-eabi/lib/thumb/v7-m/nofp/libc_nano.a(lib_a-findfp.o) (__retarget_lock_init_recursive)
/home/smooker/src/stm32/other/gcc-arm-none-eabi-8-2018-q4-major/bin/../lib/gcc/arm-none-eabi/8.2.1/../../../../arm-none-eabi/lib/thumb/v7-m/nofp/libc_nano.a(lib_a-nano-mallocr.o)
                              /home/smooker/src/stm32/other/gcc-arm-none-eabi-8-2018-q4-major/bin/../lib/gcc/arm-none-eabi/8.2.1/../../../../arm-none-eabi/lib/thumb/v7-m/nofp/libc_nano.a(lib_a-findfp.o) (_malloc_r)
/home/smooker/src/stm32/other/gcc-arm-none-eabi-8-2018-q4-major/bin/../lib/gcc/arm-none-eabi/8.2.1/../../../../arm-none-eabi/lib/thumb/v7-m/nofp/libc_nano.a(lib_a-nano-vfprintf.o)
                              /home/smooker/src/stm32/other/gcc-arm-none-eabi-8-2018-q4-major/bin/../lib/gcc/arm-none-eabi/8.2.1/../../../../arm-none-eabi/lib/thumb/v7-m/nofp/libc_nano.a(lib_a-printf.o) (_vfprintf_r)
/home/smooker/src/stm32/other/gcc-arm-none-eabi-8-2018-q4-major/bin/../lib/gcc/arm-none-eabi/8.2.1/../../../../arm-none-eabi/lib/thumb/v7-m/nofp/libc_nano.a(lib_a-nano-vfprintf_i.o)
                              /home/smooker/src/stm32/other/gcc-arm-none-eabi-8-2018-q4-major/bin/../lib/gcc/arm-none-eabi/8.2.1/../../../../arm-none-eabi/lib/thumb/v7-m/nofp/libc_nano.a(lib_a-nano-vfprintf.o) (_printf_i)
/home/smooker/src/stm32/other/gcc-arm-none-eabi-8-2018-q4-major/bin/../lib/gcc/arm-none-eabi/8.2.1/../../../../arm-none-eabi/lib/thumb/v7-m/nofp/libc_nano.a(lib_a-putc.o)
                              /home/smooker/src/stm32/other/gcc-arm-none-eabi-8-2018-q4-major/bin/../lib/gcc/arm-none-eabi/8.2.1/../../../../arm-none-eabi/lib/thumb/v7-m/nofp/libc_nano.a(lib_a-putchar.o) (_putc_r)
[...]
Memory Configuration

Name             Origin             Length             Attributes
RAM              0x0000000020000000 0x0000000000005000 xrw
FLASH            0x0000000008000000 0x0000000000020000 xr
*default*        0x0000000000000000 0xffffffffffffffff

Linker script and memory map

LOAD /home/smooker/src/stm32/other/gcc-arm-none-eabi-8-2018-q4-major/bin/../lib/gcc/arm-none-eabi/8.2.1/thumb/v7-m/nofp/crti.o
LOAD /home/smooker/src/stm32/other/gcc-arm-none-eabi-8-2018-q4-major/bin/../lib/gcc/arm-none-eabi/8.2.1/thumb/v7-m/nofp/crtbegin.o
LOAD /home/smooker/src/stm32/other/gcc-arm-none-eabi-8-2018-q4-major/bin/../lib/gcc/arm-none-eabi/8.2.1/../../../../arm-none-eabi/lib/thumb/v7-m/nofp/crt0.o
LOAD build/syscalls.o
LOAD build/usbd_desc.o
LOAD build/usb_device.o
LOAD build/usbd_cdc_if.o
LOAD build/usbd_conf.o
LOAD build/main.o
LOAD build/stm32f1xx_it.o
LOAD build/stm32f1xx_hal_msp.o
LOAD build/system_stm32f1xx.o
LOAD build/stm32f1xx_hal_gpio_ex.o
LOAD build/stm32f1xx_hal_tim.o
LOAD build/stm32f1xx_hal_tim_ex.o
LOAD build/stm32f1xx_hal_uart.o
LOAD build/stm32f1xx_hal.o
LOAD build/stm32f1xx_hal_rcc.o
LOAD build/stm32f1xx_hal_rcc_ex.o
LOAD build/stm32f1xx_hal_gpio.o
LOAD build/stm32f1xx_hal_dma.o
LOAD build/stm32f1xx_hal_cortex.o
LOAD build/stm32f1xx_hal_pwr.o
LOAD build/stm32f1xx_hal_flash.o
LOAD build/stm32f1xx_hal_flash_ex.o
LOAD build/stm32f1xx_hal_pcd.o
LOAD build/stm32f1xx_hal_pcd_ex.o
LOAD build/stm32f1xx_ll_usb.o
LOAD build/usbd_core.o
LOAD build/usbd_ctlreq.o
LOAD build/usbd_ioreq.o
LOAD build/usbd_cdc.o
LOAD build/startup_stm32f103xb.o
LOAD /home/smooker/src/stm32/other/gcc-arm-none-eabi-8-2018-q4-major/bin/../lib/gcc/arm-none-eabi/8.2.1/../../../../arm-none-eabi/lib/thumb/v7-m/nofp/libc_nano.a
LOAD /home/smooker/src/stm32/other/gcc-arm-none-eabi-8-2018-q4-major/bin/../lib/gcc/arm-none-eabi/8.2.1/../../../../arm-none-eabi/lib/thumb/v7-m/nofp/libm.a
LOAD /home/smooker/src/stm32/other/gcc-arm-none-eabi-8-2018-q4-major/bin/../lib/gcc/arm-none-eabi/8.2.1/../../../../arm-none-eabi/lib/thumb/v7-m/nofp/libnosys.a
START GROUP
LOAD /home/smooker/src/stm32/other/gcc-arm-none-eabi-8-2018-q4-major/bin/../lib/gcc/arm-none-eabi/8.2.1/thumb/v7-m/nofp/libgcc.a
LOAD /home/smooker/src/stm32/other/gcc-arm-none-eabi-8-2018-q4-major/bin/../lib/gcc/arm-none-eabi/8.2.1/../../../../arm-none-eabi/lib/thumb/v7-m/nofp/libc_nano.a
END GROUP
START GROUP
LOAD /home/smooker/src/stm32/other/gcc-arm-none-eabi-8-2018-q4-major/bin/../lib/gcc/arm-none-eabi/8.2.1/thumb/v7-m/nofp/libgcc.a
LOAD /home/smooker/src/stm32/other/gcc-arm-none-eabi-8-2018-q4-major/bin/../lib/gcc/arm-none-eabi/8.2.1/../../../../arm-none-eabi/lib/thumb/v7-m/nofp/libc_nano.a
END GROUP
LOAD /home/smooker/src/stm32/other/gcc-arm-none-eabi-8-2018-q4-major/bin/../lib/gcc/arm-none-eabi/8.2.1/thumb/v7-m/nofp/crtend.o
LOAD /home/smooker/src/stm32/other/gcc-arm-none-eabi-8-2018-q4-major/bin/../lib/gcc/arm-none-eabi/8.2.1/thumb/v7-m/nofp/crtn.o
                0x0000000020005000                _estack = 0x20005000
                0x0000000000000200                _Min_Heap_Size = 0x200
                0x0000000000000400                _Min_Stack_Size = 0x400

.isr_vector     0x0000000008000000      0x10c
                0x0000000008000000                . = ALIGN (0x4)
 *(.isr_vector)
 .isr_vector    0x0000000008000000      0x10c build/startup_stm32f103xb.o
                0x0000000008000000                g_pfnVectors
                0x000000000800010c                . = ALIGN (0x4)

.text           0x000000000800010c     0x45b8
                0x000000000800010c                . = ALIGN (0x4)
 *(.text)
 .text          0x000000000800010c       0x40 /home/smooker/src/stm32/other/gcc-arm-none-eabi-8-2018-q4-major/bin/../lib/gcc/arm-none-eabi/8.2.1/thumb/v7-m/nofp/crtbegin.o
 *(.text*)
 .text._read    0x000000000800014c       0x20 build/syscalls.o
                0x000000000800014c                _read
 .text._write   0x000000000800016c       0x1c build/syscalls.o
                0x000000000800016c                _write
 .text._sbrk    0x0000000008000188       0x3c build/syscalls.o
                0x0000000008000188                _sbrk
 .text._close   0x00000000080001c4        0x6 build/syscalls.o
                0x00000000080001c4                _close
 .text._fstat   0x00000000080001ca        0xa build/syscalls.o
                0x00000000080001ca                _fstat
 .text._isatty  0x00000000080001d4        0x4 build/syscalls.o
                0x00000000080001d4                _isatty
 .text._lseek   0x00000000080001d8        0x4 build/syscalls.o
                0x00000000080001d8                _lseek
 .text.USBD_FS_DeviceDescriptor
                0x00000000080001dc        0xc build/usbd_desc.o
                0x00000000080001dc                USBD_FS_DeviceDescriptor
 .text.USBD_FS_LangIDStrDescriptor
                0x00000000080001e8        0xc build/usbd_desc.o
                0x00000000080001e8                USBD_FS_LangIDStrDescriptor
 .text.IntToUnicode
                0x00000000080001f4       0x36 build/usbd_desc.o
 *fill*         0x000000000800022a        0x2 
 .text.Get_SerialNum
                0x000000000800022c       0x34 build/usbd_desc.o
 .text.USBD_FS_SerialStrDescriptor
                0x0000000008000260       0x14 build/usbd_desc.o
                0x0000000008000260                USBD_FS_SerialStrDescriptor
 .text.USBD_FS_ProductStrDescriptor
                0x0000000008000274       0x24 build/usbd_desc.o
                0x0000000008000274                USBD_FS_ProductStrDescriptor
 .text.USBD_FS_ManufacturerStrDescriptor
                0x0000000008000298       0x1c build/usbd_desc.o
                0x0000000008000298                USBD_FS_ManufacturerStrDescriptor
 .text.USBD_FS_ConfigStrDescriptor
                0x00000000080002b4       0x24 build/usbd_desc.o
                0x00000000080002b4                USBD_FS_ConfigStrDescriptor
 .text.USBD_FS_InterfaceStrDescriptor
                0x00000000080002d8       0x24 build/usbd_desc.o
                0x00000000080002d8                USBD_FS_InterfaceStrDescriptor
 .text.MX_USB_DEVICE_Init
                0x00000000080002fc       0x54 build/usb_device.o
                0x00000000080002fc                MX_USB_DEVICE_Init
 .text.CDC_DeInit_FS
                0x0000000008000350        0x4 build/usbd_cdc_if.o
 .text.CDC_Control_FS
                0x0000000008000354        0x4 build/usbd_cdc_if.o
 .text.CDC_Receive_FS
                0x0000000008000358       0x1c build/usbd_cdc_if.o
 .text.CDC_Init_FS
                0x0000000008000374       0x28 build/usbd_cdc_if.o
 .text.USBD_Get_USB_Status
                0x000000000800039c       0x18 build/usbd_conf.o
 .text.HAL_PCD_MspInit
                0x00000000080003b4       0x40 build/usbd_conf.o
                0x00000000080003b4                HAL_PCD_MspInit
 .text.HAL_PCD_SetupStageCallback
                0x00000000080003f4       0x10 build/usbd_conf.o
                0x00000000080003f4                HAL_PCD_SetupStageCallback
 .text.HAL_PCD_DataOutStageCallback
                0x0000000008000404       0x14 build/usbd_conf.o
                0x0000000008000404                HAL_PCD_DataOutStageCallback
 .text.HAL_PCD_DataInStageCallback
                0x0000000008000418       0x12 build/usbd_conf.o
                0x0000000008000418                HAL_PCD_DataInStageCallback
 .text.HAL_PCD_SOFCallback
                0x000000000800042a        0xc build/usbd_conf.o
                0x000000000800042a                HAL_PCD_SOFCallback
 .text.HAL_PCD_ResetCallback
                0x0000000008000436       0x24 build/usbd_conf.o
                0x0000000008000436                HAL_PCD_ResetCallback
 *fill*         0x000000000800045a        0x2 
 .text.HAL_PCD_SuspendCallback
                0x000000000800045c       0x20 build/usbd_conf.o
                0x000000000800045c                HAL_PCD_SuspendCallback
 .text.HAL_PCD_ResumeCallback
                0x000000000800047c        0xc build/usbd_conf.o
                0x000000000800047c                HAL_PCD_ResumeCallback
 .text.USBD_LL_Init
                0x0000000008000488       0x84 build/usbd_conf.o
                0x0000000008000488                USBD_LL_Init
 .text.USBD_LL_Start
                0x000000000800050c       0x10 build/usbd_conf.o
                0x000000000800050c                USBD_LL_Start
 .text.USBD_LL_OpenEP
                0x000000000800051c       0x16 build/usbd_conf.o
                0x000000000800051c                USBD_LL_OpenEP
 .text.USBD_LL_CloseEP
                0x0000000008000532       0x10 build/usbd_conf.o
                0x0000000008000532                USBD_LL_CloseEP
 .text.USBD_LL_StallEP
                0x0000000008000542       0x10 build/usbd_conf.o
                0x0000000008000542                USBD_LL_StallEP
 .text.USBD_LL_ClearStallEP
                0x0000000008000552       0x10 build/usbd_conf.o
                0x0000000008000552                USBD_LL_ClearStallEP
 .text.USBD_LL_IsStallEP
                0x0000000008000562       0x26 build/usbd_conf.o
                0x0000000008000562                USBD_LL_IsStallEP
 .text.USBD_LL_SetUSBAddress
                0x0000000008000588       0x10 build/usbd_conf.o
                0x0000000008000588                USBD_LL_SetUSBAddress
 .text.USBD_LL_Transmit
                0x0000000008000598       0x10 build/usbd_conf.o
                0x0000000008000598                USBD_LL_Transmit
 .text.USBD_LL_PrepareReceive
                0x00000000080005a8       0x10 build/usbd_conf.o
                0x00000000080005a8                USBD_LL_PrepareReceive
 .text.USBD_LL_GetRxDataSize
                0x00000000080005b8        0xc build/usbd_conf.o
                0x00000000080005b8                USBD_LL_GetRxDataSize
 .text.USBD_static_malloc
                0x00000000080005c4        0x8 build/usbd_conf.o
                0x00000000080005c4                USBD_static_malloc
 .text.USBD_static_free
                0x00000000080005cc        0x2 build/usbd_conf.o
                0x00000000080005cc                USBD_static_free
 .text.HAL_PCDEx_SetConnectionState
                0x00000000080005ce        0x2 build/usbd_conf.o
                0x00000000080005ce                HAL_PCDEx_SetConnectionState
 .text.MX_GPIO_Init
                0x00000000080005d0       0x78 build/main.o
 .text.MX_USART1_UART_Init
                0x0000000008000648       0x2c build/main.o
 .text.__io_putchar
                0x0000000008000674       0x20 build/main.o
                0x0000000008000674                __io_putchar
 .text.SystemClock_Config
                0x0000000008000694       0x6a build/main.o
                0x0000000008000694                SystemClock_Config
 *fill*         0x00000000080006fe        0x2 
 .text.main     0x0000000008000700       0x70 build/main.o
                0x0000000008000700                main
 .text.Error_Handler
                0x0000000008000770        0x2 build/main.o
                0x0000000008000770                Error_Handler
 .text.NMI_Handler
                0x0000000008000772        0x2 build/stm32f1xx_it.o
                0x0000000008000772                NMI_Handler
 .text.HardFault_Handler
                0x0000000008000774        0x2 build/stm32f1xx_it.o
                0x0000000008000774                HardFault_Handler
 .text.MemManage_Handler
                0x0000000008000776        0x2 build/stm32f1xx_it.o
                0x0000000008000776                MemManage_Handler
 .text.BusFault_Handler
                0x0000000008000778        0x2 build/stm32f1xx_it.o
                0x0000000008000778                BusFault_Handler
 .text.UsageFault_Handler
                0x000000000800077a        0x2 build/stm32f1xx_it.o
                0x000000000800077a                UsageFault_Handler
 .text.SVC_Handler
                0x000000000800077c        0x2 build/stm32f1xx_it.o
                0x000000000800077c                SVC_Handler
 .text.DebugMon_Handler
                0x000000000800077e        0x2 build/stm32f1xx_it.o
                0x000000000800077e                DebugMon_Handler
 .text.PendSV_Handler
                0x0000000008000780        0x2 build/stm32f1xx_it.o
                0x0000000008000780                PendSV_Handler
 .text.SysTick_Handler
                0x0000000008000782        0x8 build/stm32f1xx_it.o
                0x0000000008000782                SysTick_Handler
 *fill*         0x000000000800078a        0x2 
 .text.USB_LP_CAN1_RX0_IRQHandler
                0x000000000800078c       0x10 build/stm32f1xx_it.o
                0x000000000800078c                USB_LP_CAN1_RX0_IRQHandler
 .text.USART1_IRQHandler
                0x000000000800079c       0x10 build/stm32f1xx_it.o
                0x000000000800079c                USART1_IRQHandler
 .text.HAL_MspInit
                0x00000000080007ac       0x44 build/stm32f1xx_hal_msp.o
                0x00000000080007ac                HAL_MspInit
 .text.HAL_UART_MspInit
                0x00000000080007f0       0x88 build/stm32f1xx_hal_msp.o
                0x00000000080007f0                HAL_UART_MspInit
 .text.SystemInit
                0x0000000008000878       0x4c build/system_stm32f1xx.o
                0x0000000008000878                SystemInit
 .text.UART_EndRxTransfer
                0x00000000080008c4       0x1c build/stm32f1xx_hal_uart.o
 .text.UART_Transmit_IT
                0x00000000080008e0       0x64 build/stm32f1xx_hal_uart.o
 .text.UART_SetConfig
                0x0000000008000944      0x1ac build/stm32f1xx_hal_uart.o
 .text.UART_WaitOnFlagUntilTimeout
                0x0000000008000af0       0x62 build/stm32f1xx_hal_uart.o
 .text.HAL_UART_Init
                0x0000000008000b52       0x5e build/stm32f1xx_hal_uart.o
                0x0000000008000b52                HAL_UART_Init
 .text.HAL_UART_Transmit
                0x0000000008000bb0       0xe0 build/stm32f1xx_hal_uart.o
                0x0000000008000bb0                HAL_UART_Transmit
 .text.HAL_UART_TxCpltCallback
                0x0000000008000c90        0x2 build/stm32f1xx_hal_uart.o
                0x0000000008000c90                HAL_UART_TxCpltCallback
 .text.UART_EndTransmit_IT
                0x0000000008000c92       0x1a build/stm32f1xx_hal_uart.o
 .text.HAL_UART_RxCpltCallback
                0x0000000008000cac        0x2 build/stm32f1xx_hal_uart.o
                0x0000000008000cac                HAL_UART_RxCpltCallback
 .text.UART_Receive_IT
                0x0000000008000cae       0x9c build/stm32f1xx_hal_uart.o
 .text.HAL_UART_ErrorCallback
                0x0000000008000d4a        0x2 build/stm32f1xx_hal_uart.o
                0x0000000008000d4a                HAL_UART_ErrorCallback
 .text.HAL_UART_IRQHandler
                0x0000000008000d4c      0x120 build/stm32f1xx_hal_uart.o
                0x0000000008000d4c                HAL_UART_IRQHandler
 .text.UART_DMAAbortOnError
                0x0000000008000e6c       0x10 build/stm32f1xx_hal_uart.o
 .text.HAL_InitTick
                0x0000000008000e7c       0x4c build/stm32f1xx_hal.o
                0x0000000008000e7c                HAL_InitTick
 .text.HAL_Init
                0x0000000008000ec8       0x24 build/stm32f1xx_hal.o
                0x0000000008000ec8                HAL_Init
 .text.HAL_IncTick
                0x0000000008000eec       0x18 build/stm32f1xx_hal.o
                0x0000000008000eec                HAL_IncTick
 .text.HAL_GetTick
                0x0000000008000f04        0xc build/stm32f1xx_hal.o
                0x0000000008000f04                HAL_GetTick
 .text.HAL_Delay
                0x0000000008000f10       0x28 build/stm32f1xx_hal.o
                0x0000000008000f10                HAL_Delay
 .text.RCC_Delay
                0x0000000008000f38       0x2c build/stm32f1xx_hal_rcc.o
 .text.HAL_RCC_OscConfig
                0x0000000008000f64      0x3e0 build/stm32f1xx_hal_rcc.o
                0x0000000008000f64                HAL_RCC_OscConfig
 .text.HAL_RCC_GetSysClockFreq
                0x0000000008001344       0x70 build/stm32f1xx_hal_rcc.o
                0x0000000008001344                HAL_RCC_GetSysClockFreq
 .text.HAL_RCC_ClockConfig
                0x00000000080013b4      0x19c build/stm32f1xx_hal_rcc.o
                0x00000000080013b4                HAL_RCC_ClockConfig
 .text.HAL_RCC_GetHCLKFreq
                0x0000000008001550        0xc build/stm32f1xx_hal_rcc.o
                0x0000000008001550                HAL_RCC_GetHCLKFreq
 .text.HAL_RCC_GetPCLK1Freq
                0x000000000800155c       0x20 build/stm32f1xx_hal_rcc.o
                0x000000000800155c                HAL_RCC_GetPCLK1Freq
 .text.HAL_RCC_GetPCLK2Freq
                0x000000000800157c       0x20 build/stm32f1xx_hal_rcc.o
                0x000000000800157c                HAL_RCC_GetPCLK2Freq
 .text.HAL_RCCEx_PeriphCLKConfig
                0x000000000800159c      0x114 build/stm32f1xx_hal_rcc_ex.o
                0x000000000800159c                HAL_RCCEx_PeriphCLKConfig
 .text.HAL_GPIO_Init
                0x00000000080016b0      0x1d4 build/stm32f1xx_hal_gpio.o
                0x00000000080016b0                HAL_GPIO_Init
 .text.HAL_GPIO_WritePin
                0x0000000008001884        0xc build/stm32f1xx_hal_gpio.o
                0x0000000008001884                HAL_GPIO_WritePin
 .text.HAL_DMA_Abort_IT
                0x0000000008001890       0x98 build/stm32f1xx_hal_dma.o
                0x0000000008001890                HAL_DMA_Abort_IT
 .text.HAL_NVIC_SetPriorityGrouping
                0x0000000008001928       0x24 build/stm32f1xx_hal_cortex.o
                0x0000000008001928                HAL_NVIC_SetPriorityGrouping
 .text.HAL_NVIC_SetPriority
                0x000000000800194c       0x68 build/stm32f1xx_hal_cortex.o
                0x000000000800194c                HAL_NVIC_SetPriority
 .text.HAL_NVIC_EnableIRQ
                0x00000000080019b4       0x18 build/stm32f1xx_hal_cortex.o
                0x00000000080019b4                HAL_NVIC_EnableIRQ
 .text.HAL_SYSTICK_Config
                0x00000000080019cc       0x2c build/stm32f1xx_hal_cortex.o
                0x00000000080019cc                HAL_SYSTICK_Config
 .text.HAL_PCD_Init
                0x00000000080019f8       0xd6 build/stm32f1xx_hal_pcd.o
                0x00000000080019f8                HAL_PCD_Init
 .text.HAL_PCD_Start
                0x0000000008001ace       0x2e build/stm32f1xx_hal_pcd.o
                0x0000000008001ace                HAL_PCD_Start
 .text.HAL_PCD_SetAddress
                0x0000000008001afc       0x28 build/stm32f1xx_hal_pcd.o
                0x0000000008001afc                HAL_PCD_SetAddress
 .text.HAL_PCD_EP_Open
                0x0000000008001b24       0x52 build/stm32f1xx_hal_pcd.o
                0x0000000008001b24                HAL_PCD_EP_Open
 .text.HAL_PCD_EP_Close
                0x0000000008001b76       0x4e build/stm32f1xx_hal_pcd.o
                0x0000000008001b76                HAL_PCD_EP_Close
 .text.HAL_PCD_EP_Receive
                0x0000000008001bc4       0x3e build/stm32f1xx_hal_pcd.o
                0x0000000008001bc4                HAL_PCD_EP_Receive
 .text.HAL_PCD_EP_GetRxCount
                0x0000000008001c02        0xe build/stm32f1xx_hal_pcd.o
                0x0000000008001c02                HAL_PCD_EP_GetRxCount
 .text.HAL_PCD_EP_Transmit
                0x0000000008001c10       0x3c build/stm32f1xx_hal_pcd.o
                0x0000000008001c10                HAL_PCD_EP_Transmit
 .text.PCD_EP_ISR_Handler
                0x0000000008001c4c      0x458 build/stm32f1xx_hal_pcd.o
 .text.HAL_PCD_IRQHandler
                0x00000000080020a4      0x160 build/stm32f1xx_hal_pcd.o
                0x00000000080020a4                HAL_PCD_IRQHandler
 .text.HAL_PCD_EP_SetStall
                0x0000000008002204       0x5c build/stm32f1xx_hal_pcd.o
                0x0000000008002204                HAL_PCD_EP_SetStall
 .text.HAL_PCD_EP_ClrStall
                0x0000000008002260       0x4e build/stm32f1xx_hal_pcd.o
                0x0000000008002260                HAL_PCD_EP_ClrStall
 .text.HAL_PCDEx_PMAConfig
                0x00000000080022ae       0x30 build/stm32f1xx_hal_pcd_ex.o
                0x00000000080022ae                HAL_PCDEx_PMAConfig
 .text.USB_CoreInit
                0x00000000080022de        0xe build/stm32f1xx_ll_usb.o
                0x00000000080022de                USB_CoreInit
 .text.USB_EnableGlobalInt
                0x00000000080022ec       0x10 build/stm32f1xx_ll_usb.o
                0x00000000080022ec                USB_EnableGlobalInt
 .text.USB_DisableGlobalInt
                0x00000000080022fc       0x14 build/stm32f1xx_ll_usb.o
                0x00000000080022fc                USB_DisableGlobalInt
 .text.USB_SetCurrentMode
                0x0000000008002310        0x4 build/stm32f1xx_ll_usb.o
                0x0000000008002310                USB_SetCurrentMode
 .text.USB_DevInit
                0x0000000008002314       0x2c build/stm32f1xx_ll_usb.o
                0x0000000008002314                USB_DevInit
 .text.USB_ActivateEndpoint
                0x0000000008002340      0x328 build/stm32f1xx_ll_usb.o
                0x0000000008002340                USB_ActivateEndpoint
 .text.USB_DeactivateEndpoint
                0x0000000008002668      0x1c4 build/stm32f1xx_ll_usb.o
                0x0000000008002668                USB_DeactivateEndpoint
 .text.USB_EPSetStall
                0x000000000800282c       0x6e build/stm32f1xx_ll_usb.o
                0x000000000800282c                USB_EPSetStall
 .text.USB_EPClearStall
                0x000000000800289a       0x92 build/stm32f1xx_ll_usb.o
                0x000000000800289a                USB_EPClearStall
 .text.USB_SetDevAddress
                0x000000000800292c        0xc build/stm32f1xx_ll_usb.o
                0x000000000800292c                USB_SetDevAddress
 .text.USB_DevConnect
                0x0000000008002938        0x4 build/stm32f1xx_ll_usb.o
                0x0000000008002938                USB_DevConnect
 .text.USB_DevDisconnect
                0x000000000800293c        0x4 build/stm32f1xx_ll_usb.o
                0x000000000800293c                USB_DevDisconnect
 .text.USB_ReadInterrupts
                0x0000000008002940        0x6 build/stm32f1xx_ll_usb.o
                0x0000000008002940                USB_ReadInterrupts
 .text.USB_EP0_OutStart
                0x0000000008002946        0x4 build/stm32f1xx_ll_usb.o
                0x0000000008002946                USB_EP0_OutStart
 .text.USB_WritePMA
                0x000000000800294a       0x2a build/stm32f1xx_ll_usb.o
                0x000000000800294a                USB_WritePMA
 .text.USB_EPStartXfer
                0x0000000008002974      0x2ba build/stm32f1xx_ll_usb.o
                0x0000000008002974                USB_EPStartXfer
 .text.USB_ReadPMA
                0x0000000008002c2e       0x1c build/stm32f1xx_ll_usb.o
                0x0000000008002c2e                USB_ReadPMA
 *fill*         0x0000000008002c4a        0x2 
 .text.USBD_Init
                0x0000000008002c4c       0x48 build/usbd_core.o
                0x0000000008002c4c                USBD_Init
 .text.USBD_RegisterClass
                0x0000000008002c94       0x2c build/usbd_core.o
                0x0000000008002c94                USBD_RegisterClass
 .text.USBD_Start
                0x0000000008002cc0        0xa build/usbd_core.o
                0x0000000008002cc0                USBD_Start
 .text.USBD_SetClassConfig
                0x0000000008002cca       0x1a build/usbd_core.o
                0x0000000008002cca                USBD_SetClassConfig
 .text.USBD_ClrClassConfig
                0x0000000008002ce4        0xe build/usbd_core.o
                0x0000000008002ce4                USBD_ClrClassConfig
 .text.USBD_LL_SetupStage
                0x0000000008002cf2       0x5c build/usbd_core.o
                0x0000000008002cf2                USBD_LL_SetupStage
 .text.USBD_LL_DataOutStage
                0x0000000008002d4e       0x6c build/usbd_core.o
                0x0000000008002d4e                USBD_LL_DataOutStage
 .text.USBD_LL_DataInStage
                0x0000000008002dba       0xb2 build/usbd_core.o
                0x0000000008002dba                USBD_LL_DataInStage
 .text.USBD_LL_Reset
                0x0000000008002e6c       0x3e build/usbd_core.o
                0x0000000008002e6c                USBD_LL_Reset
 .text.USBD_LL_SetSpeed
                0x0000000008002eaa        0x6 build/usbd_core.o
                0x0000000008002eaa                USBD_LL_SetSpeed
 .text.USBD_LL_Suspend
                0x0000000008002eb0       0x12 build/usbd_core.o
                0x0000000008002eb0                USBD_LL_Suspend
 .text.USBD_LL_Resume
                0x0000000008002ec2        0xc build/usbd_core.o
                0x0000000008002ec2                USBD_LL_Resume
 .text.USBD_LL_SOF
                0x0000000008002ece       0x1c build/usbd_core.o
                0x0000000008002ece                USBD_LL_SOF
 .text.USBD_GetLen
                0x0000000008002eea       0x12 build/usbd_ctlreq.o
 .text.USBD_SetFeature
                0x0000000008002efc       0x20 build/usbd_ctlreq.o
 .text.USBD_ParseSetupRequest
                0x0000000008002f1c       0x28 build/usbd_ctlreq.o
                0x0000000008002f1c                USBD_ParseSetupRequest
 .text.USBD_CtlError
                0x0000000008002f44       0x14 build/usbd_ctlreq.o
                0x0000000008002f44                USBD_CtlError
 .text.USBD_GetDescriptor
                0x0000000008002f58      0x132 build/usbd_ctlreq.o
 .text.USBD_SetAddress
                0x000000000800308a       0x4a build/usbd_ctlreq.o
 .text.USBD_SetConfig
                0x00000000080030d4       0xa4 build/usbd_ctlreq.o
 .text.USBD_GetConfig
                0x0000000008003178       0x3a build/usbd_ctlreq.o
 .text.USBD_GetStatus
                0x00000000080031b2       0x2c build/usbd_ctlreq.o
 .text.USBD_ClrFeature
                0x00000000080031de       0x30 build/usbd_ctlreq.o
 .text.USBD_StdDevReq
                0x000000000800320e       0x48 build/usbd_ctlreq.o
                0x000000000800320e                USBD_StdDevReq
 .text.USBD_StdItfReq
                0x0000000008003256       0x36 build/usbd_ctlreq.o
                0x0000000008003256                USBD_StdItfReq
 .text.USBD_StdEPReq
                0x000000000800328c      0x126 build/usbd_ctlreq.o
                0x000000000800328c                USBD_StdEPReq
 .text.USBD_GetString
                0x00000000080033b2       0x38 build/usbd_ctlreq.o
                0x00000000080033b2                USBD_GetString
 .text.USBD_CtlSendData
                0x00000000080033ea       0x1a build/usbd_ioreq.o
                0x00000000080033ea                USBD_CtlSendData
 .text.USBD_CtlContinueSendData
                0x0000000008003404       0x10 build/usbd_ioreq.o
                0x0000000008003404                USBD_CtlContinueSendData
 .text.USBD_CtlPrepareRx
                0x0000000008003414       0x1e build/usbd_ioreq.o
                0x0000000008003414                USBD_CtlPrepareRx
 .text.USBD_CtlContinueRx
                0x0000000008003432       0x10 build/usbd_ioreq.o
                0x0000000008003432                USBD_CtlContinueRx
 .text.USBD_CtlSendStatus
                0x0000000008003442       0x16 build/usbd_ioreq.o
                0x0000000008003442                USBD_CtlSendStatus
 .text.USBD_CtlReceiveStatus
                0x0000000008003458       0x16 build/usbd_ioreq.o
                0x0000000008003458                USBD_CtlReceiveStatus
 .text.USBD_CDC_DataIn
                0x000000000800346e       0x12 build/usbd_cdc.o
 .text.USBD_CDC_EP0_RxReady
                0x0000000008003480       0x28 build/usbd_cdc.o
 .text.USBD_CDC_GetFSCfgDesc
                0x00000000080034a8        0xc build/usbd_cdc.o
 .text.USBD_CDC_GetHSCfgDesc
                0x00000000080034b4        0xc build/usbd_cdc.o
 .text.USBD_CDC_GetOtherSpeedCfgDesc
                0x00000000080034c0        0xc build/usbd_cdc.o
 .text.USBD_CDC_GetDeviceQualifierDescriptor
                0x00000000080034cc        0xc build/usbd_cdc.o
                0x00000000080034cc                USBD_CDC_GetDeviceQualifierDescriptor
 .text.USBD_CDC_DataOut
                0x00000000080034d8       0x2e build/usbd_cdc.o
 *fill*         0x0000000008003506        0x2 
 .text.USBD_CDC_Setup
                0x0000000008003508       0x74 build/usbd_cdc.o
 .text.USBD_CDC_DeInit
                0x000000000800357c       0x3a build/usbd_cdc.o
 .text.USBD_CDC_Init
                0x00000000080035b6       0x96 build/usbd_cdc.o
 .text.USBD_CDC_RegisterInterface
                0x000000000800364c        0xe build/usbd_cdc.o
                0x000000000800364c                USBD_CDC_RegisterInterface
 .text.USBD_CDC_SetTxBuffer
                0x000000000800365a       0x10 build/usbd_cdc.o
                0x000000000800365a                USBD_CDC_SetTxBuffer
 .text.USBD_CDC_SetRxBuffer
                0x000000000800366a        0xc build/usbd_cdc.o
                0x000000000800366a                USBD_CDC_SetRxBuffer
 .text.USBD_CDC_ReceivePacket
                0x0000000008003676       0x30 build/usbd_cdc.o
                0x0000000008003676                USBD_CDC_ReceivePacket
 *fill*         0x00000000080036a6        0x2 
 .text.Reset_Handler
                0x00000000080036a8       0x48 build/startup_stm32f103xb.o
                0x00000000080036a8                Reset_Handler
 .text.Default_Handler
                0x00000000080036f0        0x2 build/startup_stm32f103xb.o
                0x00000000080036f0                RTC_Alarm_IRQHandler
                0x00000000080036f0                EXTI2_IRQHandler
                0x00000000080036f0                TIM1_CC_IRQHandler
                0x00000000080036f0                PVD_IRQHandler
                0x00000000080036f0                EXTI3_IRQHandler
                0x00000000080036f0                EXTI0_IRQHandler
                0x00000000080036f0                I2C2_EV_IRQHandler
                0x00000000080036f0                ADC1_2_IRQHandler
                0x00000000080036f0                SPI1_IRQHandler
                0x00000000080036f0                TAMPER_IRQHandler
                0x00000000080036f0                DMA1_Channel4_IRQHandler
                0x00000000080036f0                USART3_IRQHandler
                0x00000000080036f0                RTC_IRQHandler
                0x00000000080036f0                DMA1_Channel7_IRQHandler
                0x00000000080036f0                CAN1_RX1_IRQHandler
                0x00000000080036f0                TIM4_IRQHandler
                0x00000000080036f0                I2C1_EV_IRQHandler
                0x00000000080036f0                DMA1_Channel6_IRQHandler
                0x00000000080036f0                TIM3_IRQHandler
                0x00000000080036f0                RCC_IRQHandler
                0x00000000080036f0                TIM1_TRG_COM_IRQHandler
                0x00000000080036f0                DMA1_Channel1_IRQHandler
                0x00000000080036f0                Default_Handler
                0x00000000080036f0                EXTI15_10_IRQHandler
                0x00000000080036f0                EXTI9_5_IRQHandler
                0x00000000080036f0                SPI2_IRQHandler
                0x00000000080036f0                DMA1_Channel5_IRQHandler
                0x00000000080036f0                EXTI4_IRQHandler
                0x00000000080036f0                USB_HP_CAN1_TX_IRQHandler
                0x00000000080036f0                DMA1_Channel3_IRQHandler
                0x00000000080036f0                TIM1_UP_IRQHandler
                0x00000000080036f0                WWDG_IRQHandler
                0x00000000080036f0                TIM2_IRQHandler
                0x00000000080036f0                TIM1_BRK_IRQHandler
                0x00000000080036f0                EXTI1_IRQHandler
                0x00000000080036f0                USART2_IRQHandler
                0x00000000080036f0                I2C2_ER_IRQHandler
                0x00000000080036f0                DMA1_Channel2_IRQHandler
                0x00000000080036f0                CAN1_SCE_IRQHandler
                0x00000000080036f0                FLASH_IRQHandler
                0x00000000080036f0                I2C1_ER_IRQHandler
                0x00000000080036f0                USBWakeUp_IRQHandler
 *fill*         0x00000000080036f2        0x2 
 .text.__errno  0x00000000080036f4        0xc /home/smooker/src/stm32/other/gcc-arm-none-eabi-8-2018-q4-major/bin/../lib/gcc/arm-none-eabi/8.2.1/../../../../arm-none-eabi/lib/thumb/v7-m/nofp/libc_nano.a(lib_a-errno.o)
                0x00000000080036f4                __errno
 .text.__libc_init_array
                0x0000000008003700       0x48 /home/smooker/src/stm32/other/gcc-arm-none-eabi-8-2018-q4-major/bin/../lib/gcc/arm-none-eabi/8.2.1/../../../../arm-none-eabi/lib/thumb/v7-m/nofp/libc_nano.a(lib_a-init.o)
                0x0000000008003700                __libc_init_array
 .text.memset   0x0000000008003748       0x10 /home/smooker/src/stm32/other/gcc-arm-none-eabi-8-2018-q4-major/bin/../lib/gcc/arm-none-eabi/8.2.1/../../../../arm-none-eabi/lib/thumb/v7-m/nofp/libc_nano.a(lib_a-memset.o)
                0x0000000008003748                memset
 .text.printf   0x0000000008003758       0x30 /home/smooker/src/stm32/other/gcc-arm-none-eabi-8-2018-q4-major/bin/../lib/gcc/arm-none-eabi/8.2.1/../../../../arm-none-eabi/lib/thumb/v7-m/nofp/libc_nano.a(lib_a-printf.o)
                0x0000000008003758                printf
                0x0000000008003758                iprintf
 .text.putchar  0x0000000008003788       0x28 /home/smooker/src/stm32/other/gcc-arm-none-eabi-8-2018-q4-major/bin/../lib/gcc/arm-none-eabi/8.2.1/../../../../arm-none-eabi/lib/thumb/v7-m/nofp/libc_nano.a(lib_a-putchar.o)
                0x0000000008003788                putchar
 .text.std      0x00000000080037b0       0x48 /home/smooker/src/stm32/other/gcc-arm-none-eabi-8-2018-q4-major/bin/../lib/gcc/arm-none-eabi/8.2.1/../../../../arm-none-eabi/lib/thumb/v7-m/nofp/libc_nano.a(lib_a-findfp.o)
 .text._cleanup_r
                0x00000000080037f8        0xc /home/smooker/src/stm32/other/gcc-arm-none-eabi-8-2018-q4-major/bin/../lib/gcc/arm-none-eabi/8.2.1/../../../../arm-none-eabi/lib/thumb/v7-m/nofp/libc_nano.a(lib_a-findfp.o)
                0x00000000080037f8                _cleanup_r
 .text.__sfmoreglue
                0x0000000008003804       0x2c /home/smooker/src/stm32/other/gcc-arm-none-eabi-8-2018-q4-major/bin/../lib/gcc/arm-none-eabi/8.2.1/../../../../arm-none-eabi/lib/thumb/v7-m/nofp/libc_nano.a(lib_a-findfp.o)
                0x0000000008003804                __sfmoreglue
 .text.__sfp_lock_acquire
                0x0000000008003830        0xc /home/smooker/src/stm32/other/gcc-arm-none-eabi-8-2018-q4-major/bin/../lib/gcc/arm-none-eabi/8.2.1/../../../../arm-none-eabi/lib/thumb/v7-m/nofp/libc_nano.a(lib_a-findfp.o)
                0x0000000008003830                __sfp_lock_acquire
 .text.__sfp_lock_release
                0x000000000800383c        0xc /home/smooker/src/stm32/other/gcc-arm-none-eabi-8-2018-q4-major/bin/../lib/gcc/arm-none-eabi/8.2.1/../../../../arm-none-eabi/lib/thumb/v7-m/nofp/libc_nano.a(lib_a-findfp.o)
                0x000000000800383c                __sfp_lock_release
 .text.__sinit_lock_acquire
                0x0000000008003848        0xc /home/smooker/src/stm32/other/gcc-arm-none-eabi-8-2018-q4-major/bin/../lib/gcc/arm-none-eabi/8.2.1/../../../../arm-none-eabi/lib/thumb/v7-m/nofp/libc_nano.a(lib_a-findfp.o)
                0x0000000008003848                __sinit_lock_acquire
 .text.__sinit_lock_release
                0x0000000008003854        0xc /home/smooker/src/stm32/other/gcc-arm-none-eabi-8-2018-q4-major/bin/../lib/gcc/arm-none-eabi/8.2.1/../../../../arm-none-eabi/lib/thumb/v7-m/nofp/libc_nano.a(lib_a-findfp.o)
                0x0000000008003854                __sinit_lock_release
 .text.__sinit  0x0000000008003860       0x70 /home/smooker/src/stm32/other/gcc-arm-none-eabi-8-2018-q4-major/bin/../lib/gcc/arm-none-eabi/8.2.1/../../../../arm-none-eabi/lib/thumb/v7-m/nofp/libc_nano.a(lib_a-findfp.o)
                0x0000000008003860                __sinit
 .text.__sfp    0x00000000080038d0       0x8c /home/smooker/src/stm32/other/gcc-arm-none-eabi-8-2018-q4-major/bin/../lib/gcc/arm-none-eabi/8.2.1/../../../../arm-none-eabi/lib/thumb/v7-m/nofp/libc_nano.a(lib_a-findfp.o)
                0x00000000080038d0                __sfp
 .text._fwalk_reent
                0x000000000800395c       0x3c /home/smooker/src/stm32/other/gcc-arm-none-eabi-8-2018-q4-major/bin/../lib/gcc/arm-none-eabi/8.2.1/../../../../arm-none-eabi/lib/thumb/v7-m/nofp/libc_nano.a(lib_a-fwalk.o)
                0x000000000800395c                _fwalk_reent
 .text.__retarget_lock_init_recursive
                0x0000000008003998        0x2 /home/smooker/src/stm32/other/gcc-arm-none-eabi-8-2018-q4-major/bin/../lib/gcc/arm-none-eabi/8.2.1/../../../../arm-none-eabi/lib/thumb/v7-m/nofp/libc_nano.a(lib_a-lock.o)
                0x0000000008003998                __retarget_lock_init_recursive
 .text.__retarget_lock_acquire_recursive
                0x000000000800399a        0x2 /home/smooker/src/stm32/other/gcc-arm-none-eabi-8-2018-q4-major/bin/../lib/gcc/arm-none-eabi/8.2.1/../../../../arm-none-eabi/lib/thumb/v7-m/nofp/libc_nano.a(lib_a-lock.o)
                0x000000000800399a                __retarget_lock_acquire_recursive
 .text.__retarget_lock_release_recursive
                0x000000000800399c        0x2 /home/smooker/src/stm32/other/gcc-arm-none-eabi-8-2018-q4-major/bin/../lib/gcc/arm-none-eabi/8.2.1/../../../../arm-none-eabi/lib/thumb/v7-m/nofp/libc_nano.a(lib_a-lock.o)
                0x000000000800399c                __retarget_lock_release_recursive
 *fill*         0x000000000800399e        0x2 
 .text._malloc_r
                0x00000000080039a0       0xb4 /home/smooker/src/stm32/other/gcc-arm-none-eabi-8-2018-q4-major/bin/../lib/gcc/arm-none-eabi/8.2.1/../../../../arm-none-eabi/lib/thumb/v7-m/nofp/libc_nano.a(lib_a-nano-mallocr.o)
                0x00000000080039a0                _malloc_r
 .text.__sfputc_r
                0x0000000008003a54       0x2a /home/smooker/src/stm32/other/gcc-arm-none-eabi-8-2018-q4-major/bin/../lib/gcc/arm-none-eabi/8.2.1/../../../../arm-none-eabi/lib/thumb/v7-m/nofp/libc_nano.a(lib_a-nano-vfprintf.o)
 .text.__sfputs_r
                0x0000000008003a7e       0x24 /home/smooker/src/stm32/other/gcc-arm-none-eabi-8-2018-q4-major/bin/../lib/gcc/arm-none-eabi/8.2.1/../../../../arm-none-eabi/lib/thumb/v7-m/nofp/libc_nano.a(lib_a-nano-vfprintf.o)
                0x0000000008003a7e                __sfputs_r
 *fill*         0x0000000008003aa2        0x2 
 .text._vfprintf_r
                0x0000000008003aa4      0x250 /home/smooker/src/stm32/other/gcc-arm-none-eabi-8-2018-q4-major/bin/../lib/gcc/arm-none-eabi/8.2.1/../../../../arm-none-eabi/lib/thumb/v7-m/nofp/libc_nano.a(lib_a-nano-vfprintf.o)
                0x0000000008003aa4                _vfiprintf_r
                0x0000000008003aa4                _vfprintf_r
 .text._printf_common
                0x0000000008003cf4       0xec /home/smooker/src/stm32/other/gcc-arm-none-eabi-8-2018-q4-major/bin/../lib/gcc/arm-none-eabi/8.2.1/../../../../arm-none-eabi/lib/thumb/v7-m/nofp/libc_nano.a(lib_a-nano-vfprintf_i.o)
                0x0000000008003cf4                _printf_common
 .text._printf_i
                0x0000000008003de0      0x22c /home/smooker/src/stm32/other/gcc-arm-none-eabi-8-2018-q4-major/bin/../lib/gcc/arm-none-eabi/8.2.1/../../../../arm-none-eabi/lib/thumb/v7-m/nofp/libc_nano.a(lib_a-nano-vfprintf_i.o)
                0x0000000008003de0                _printf_i
 .text._putc_r  0x000000000800400c       0x90 /home/smooker/src/stm32/other/gcc-arm-none-eabi-8-2018-q4-major/bin/../lib/gcc/arm-none-eabi/8.2.1/../../../../arm-none-eabi/lib/thumb/v7-m/nofp/libc_nano.a(lib_a-putc.o)
                0x000000000800400c                _putc_r
 .text._sbrk_r  0x000000000800409c       0x20 /home/smooker/src/stm32/other/gcc-arm-none-eabi-8-2018-q4-major/bin/../lib/gcc/arm-none-eabi/8.2.1/../../../../arm-none-eabi/lib/thumb/v7-m/nofp/libc_nano.a(lib_a-sbrkr.o)
                0x000000000800409c                _sbrk_r
 .text.__sread  0x00000000080040bc       0x22 /home/smooker/src/stm32/other/gcc-arm-none-eabi-8-2018-q4-major/bin/../lib/gcc/arm-none-eabi/8.2.1/../../../../arm-none-eabi/lib/thumb/v7-m/nofp/libc_nano.a(lib_a-stdio.o)
                0x00000000080040bc                __sread
 .text.__swrite
                0x00000000080040de       0x38 /home/smooker/src/stm32/other/gcc-arm-none-eabi-8-2018-q4-major/bin/../lib/gcc/arm-none-eabi/8.2.1/../../../../arm-none-eabi/lib/thumb/v7-m/nofp/libc_nano.a(lib_a-stdio.o)
                0x00000000080040de                __swrite
 .text.__sseek  0x0000000008004116       0x24 /home/smooker/src/stm32/other/gcc-arm-none-eabi-8-2018-q4-major/bin/../lib/gcc/arm-none-eabi/8.2.1/../../../../arm-none-eabi/lib/thumb/v7-m/nofp/libc_nano.a(lib_a-stdio.o)
                0x0000000008004116                __sseek
 .text.__sclose
                0x000000000800413a        0x8 /home/smooker/src/stm32/other/gcc-arm-none-eabi-8-2018-q4-major/bin/../lib/gcc/arm-none-eabi/8.2.1/../../../../arm-none-eabi/lib/thumb/v7-m/nofp/libc_nano.a(lib_a-stdio.o)
                0x000000000800413a                __sclose
 *fill*         0x0000000008004142        0x2 
 .text.__swbuf_r
                0x0000000008004144       0xa4 /home/smooker/src/stm32/other/gcc-arm-none-eabi-8-2018-q4-major/bin/../lib/gcc/arm-none-eabi/8.2.1/../../../../arm-none-eabi/lib/thumb/v7-m/nofp/libc_nano.a(lib_a-wbuf.o)
                0x0000000008004144                __swbuf_r
 .text._write_r
                0x00000000080041e8       0x24 /home/smooker/src/stm32/other/gcc-arm-none-eabi-8-2018-q4-major/bin/../lib/gcc/arm-none-eabi/8.2.1/../../../../arm-none-eabi/lib/thumb/v7-m/nofp/libc_nano.a(lib_a-writer.o)
                0x00000000080041e8                _write_r
 .text.__swsetup_r
                0x000000000800420c       0xdc /home/smooker/src/stm32/other/gcc-arm-none-eabi-8-2018-q4-major/bin/../lib/gcc/arm-none-eabi/8.2.1/../../../../arm-none-eabi/lib/thumb/v7-m/nofp/libc_nano.a(lib_a-wsetup.o)
                0x000000000800420c                __swsetup_r
 .text._close_r
                0x00000000080042e8       0x20 /home/smooker/src/stm32/other/gcc-arm-none-eabi-8-2018-q4-major/bin/../lib/gcc/arm-none-eabi/8.2.1/../../../../arm-none-eabi/lib/thumb/v7-m/nofp/libc_nano.a(lib_a-closer.o)
                0x00000000080042e8                _close_r
 .text.__sflush_r
                0x0000000008004308      0x10c /home/smooker/src/stm32/other/gcc-arm-none-eabi-8-2018-q4-major/bin/../lib/gcc/arm-none-eabi/8.2.1/../../../../arm-none-eabi/lib/thumb/v7-m/nofp/libc_nano.a(lib_a-fflush.o)
                0x0000000008004308                __sflush_r
 .text._fflush_r
                0x0000000008004414       0x78 /home/smooker/src/stm32/other/gcc-arm-none-eabi-8-2018-q4-major/bin/../lib/gcc/arm-none-eabi/8.2.1/../../../../arm-none-eabi/lib/thumb/v7-m/nofp/libc_nano.a(lib_a-fflush.o)
                0x0000000008004414                _fflush_r
 .text._lseek_r
                0x000000000800448c       0x24 /home/smooker/src/stm32/other/gcc-arm-none-eabi-8-2018-q4-major/bin/../lib/gcc/arm-none-eabi/8.2.1/../../../../arm-none-eabi/lib/thumb/v7-m/nofp/libc_nano.a(lib_a-lseekr.o)
                0x000000000800448c                _lseek_r
 .text.__swhatbuf_r
                0x00000000080044b0       0x48 /home/smooker/src/stm32/other/gcc-arm-none-eabi-8-2018-q4-major/bin/../lib/gcc/arm-none-eabi/8.2.1/../../../../arm-none-eabi/lib/thumb/v7-m/nofp/libc_nano.a(lib_a-makebuf.o)
                0x00000000080044b0                __swhatbuf_r
 .text.__smakebuf_r
                0x00000000080044f8       0x80 /home/smooker/src/stm32/other/gcc-arm-none-eabi-8-2018-q4-major/bin/../lib/gcc/arm-none-eabi/8.2.1/../../../../arm-none-eabi/lib/thumb/v7-m/nofp/libc_nano.a(lib_a-makebuf.o)
                0x00000000080044f8                __smakebuf_r
 .text.memchr   0x0000000008004578       0x1c /home/smooker/src/stm32/other/gcc-arm-none-eabi-8-2018-q4-major/bin/../lib/gcc/arm-none-eabi/8.2.1/../../../../arm-none-eabi/lib/thumb/v7-m/nofp/libc_nano.a(lib_a-memchr-stub.o)
                0x0000000008004578                memchr
 .text.__malloc_lock
                0x0000000008004594        0xc /home/smooker/src/stm32/other/gcc-arm-none-eabi-8-2018-q4-major/bin/../lib/gcc/arm-none-eabi/8.2.1/../../../../arm-none-eabi/lib/thumb/v7-m/nofp/libc_nano.a(lib_a-mlock.o)
                0x0000000008004594                __malloc_lock
 .text.__malloc_unlock
                0x00000000080045a0        0xc /home/smooker/src/stm32/other/gcc-arm-none-eabi-8-2018-q4-major/bin/../lib/gcc/arm-none-eabi/8.2.1/../../../../arm-none-eabi/lib/thumb/v7-m/nofp/libc_nano.a(lib_a-mlock.o)
                0x00000000080045a0                __malloc_unlock
 .text._free_r  0x00000000080045ac       0x98 /home/smooker/src/stm32/other/gcc-arm-none-eabi-8-2018-q4-major/bin/../lib/gcc/arm-none-eabi/8.2.1/../../../../arm-none-eabi/lib/thumb/v7-m/nofp/libc_nano.a(lib_a-nano-freer.o)
                0x00000000080045ac                _free_r
 .text._read_r  0x0000000008004644       0x24 /home/smooker/src/stm32/other/gcc-arm-none-eabi-8-2018-q4-major/bin/../lib/gcc/arm-none-eabi/8.2.1/../../../../arm-none-eabi/lib/thumb/v7-m/nofp/libc_nano.a(lib_a-readr.o)
                0x0000000008004644                _read_r
 .text._fstat_r
                0x0000000008004668       0x24 /home/smooker/src/stm32/other/gcc-arm-none-eabi-8-2018-q4-major/bin/../lib/gcc/arm-none-eabi/8.2.1/../../../../arm-none-eabi/lib/thumb/v7-m/nofp/libc_nano.a(lib_a-fstatr.o)
                0x0000000008004668                _fstat_r
 .text._isatty_r
                0x000000000800468c       0x20 /home/smooker/src/stm32/other/gcc-arm-none-eabi-8-2018-q4-major/bin/../lib/gcc/arm-none-eabi/8.2.1/../../../../arm-none-eabi/lib/thumb/v7-m/nofp/libc_nano.a(lib_a-isattyr.o)
                0x000000000800468c                _isatty_r
 *(.glue_7)
 .glue_7        0x00000000080046ac        0x0 linker stubs
 *(.glue_7t)
 .glue_7t       0x00000000080046ac        0x0 linker stubs
 *(.eh_frame)
 .eh_frame      0x00000000080046ac        0x0 /home/smooker/src/stm32/other/gcc-arm-none-eabi-8-2018-q4-major/bin/../lib/gcc/arm-none-eabi/8.2.1/thumb/v7-m/nofp/crtbegin.o
 *(.init)
 .init          0x00000000080046ac        0x4 /home/smooker/src/stm32/other/gcc-arm-none-eabi-8-2018-q4-major/bin/../lib/gcc/arm-none-eabi/8.2.1/thumb/v7-m/nofp/crti.o
                0x00000000080046ac                _init
 .init          0x00000000080046b0        0x8 /home/smooker/src/stm32/other/gcc-arm-none-eabi-8-2018-q4-major/bin/../lib/gcc/arm-none-eabi/8.2.1/thumb/v7-m/nofp/crtn.o
 *(.fini)
 .fini          0x00000000080046b8        0x4 /home/smooker/src/stm32/other/gcc-arm-none-eabi-8-2018-q4-major/bin/../lib/gcc/arm-none-eabi/8.2.1/thumb/v7-m/nofp/crti.o
                0x00000000080046b8                _fini
 .fini          0x00000000080046bc        0x8 /home/smooker/src/stm32/other/gcc-arm-none-eabi-8-2018-q4-major/bin/../lib/gcc/arm-none-eabi/8.2.1/thumb/v7-m/nofp/crtn.o
                0x00000000080046c4                . = ALIGN (0x4)
                0x00000000080046c4                _etext = .

.vfp11_veneer   0x00000000080046c4        0x0
 .vfp11_veneer  0x00000000080046c4        0x0 linker stubs

.v4_bx          0x00000000080046c4        0x0
 .v4_bx         0x00000000080046c4        0x0 linker stubs

.iplt           0x00000000080046c4        0x0
 .iplt          0x00000000080046c4        0x0 /home/smooker/src/stm32/other/gcc-arm-none-eabi-8-2018-q4-major/bin/../lib/gcc/arm-none-eabi/8.2.1/thumb/v7-m/nofp/crtbegin.o

.rodata         0x00000000080046c4      0x1bc
                0x00000000080046c4                . = ALIGN (0x4)
 *(.rodata)
 .rodata        0x00000000080046c4       0x12 build/stm32f1xx_hal_rcc.o
 *(.rodata*)
 *fill*         0x00000000080046d6        0x2 
 .rodata.USBD_FS_ConfigStrDescriptor.str1.4
                0x00000000080046d8        0xb build/usbd_desc.o
 *fill*         0x00000000080046e3        0x1 
 .rodata.USBD_FS_InterfaceStrDescriptor.str1.4
                0x00000000080046e4        0xe build/usbd_desc.o
 *fill*         0x00000000080046f2        0x2 
 .rodata.USBD_FS_ManufacturerStrDescriptor.str1.4
                0x00000000080046f4       0x13 build/usbd_desc.o
 *fill*         0x0000000008004707        0x1 
 .rodata.USBD_FS_ProductStrDescriptor.str1.4
                0x0000000008004708       0x16 build/usbd_desc.o
 *fill*         0x000000000800471e        0x2 
 .rodata.main.str1.4
                0x0000000008004720       0x76 build/main.o
 *fill*         0x0000000008004796        0x2 
 .rodata.AHBPrescTable
                0x0000000008004798       0x10 build/system_stm32f1xx.o
                0x0000000008004798                AHBPrescTable
 .rodata.APBPrescTable
                0x00000000080047a8        0x8 build/system_stm32f1xx.o
                0x00000000080047a8                APBPrescTable
 .rodata.USBD_Init.str1.4
                0x00000000080047b0       0x1e build/usbd_core.o
 *fill*         0x00000000080047ce        0x2 
 .rodata.USBD_RegisterClass.str1.4
                0x00000000080047d0       0x18 build/usbd_core.o
                                         0x15 (size before relaxing)
 .rodata._global_impure_ptr
                0x00000000080047e8        0x4 /home/smooker/src/stm32/other/gcc-arm-none-eabi-8-2018-q4-major/bin/../lib/gcc/arm-none-eabi/8.2.1/../../../../arm-none-eabi/lib/thumb/v7-m/nofp/libc_nano.a(lib_a-impure.o)
                0x00000000080047e8                _global_impure_ptr
 .rodata.__sf_fake_stderr
                0x00000000080047ec       0x20 /home/smooker/src/stm32/other/gcc-arm-none-eabi-8-2018-q4-major/bin/../lib/gcc/arm-none-eabi/8.2.1/../../../../arm-none-eabi/lib/thumb/v7-m/nofp/libc_nano.a(lib_a-findfp.o)
                0x00000000080047ec                __sf_fake_stderr
 .rodata.__sf_fake_stdin
                0x000000000800480c       0x20 /home/smooker/src/stm32/other/gcc-arm-none-eabi-8-2018-q4-major/bin/../lib/gcc/arm-none-eabi/8.2.1/../../../../arm-none-eabi/lib/thumb/v7-m/nofp/libc_nano.a(lib_a-findfp.o)
                0x000000000800480c                __sf_fake_stdin
 .rodata.__sf_fake_stdout
                0x000000000800482c       0x20 /home/smooker/src/stm32/other/gcc-arm-none-eabi-8-2018-q4-major/bin/../lib/gcc/arm-none-eabi/8.2.1/../../../../arm-none-eabi/lib/thumb/v7-m/nofp/libc_nano.a(lib_a-findfp.o)
                0x000000000800482c                __sf_fake_stdout
 .rodata._vfprintf_r.str1.1
                0x000000000800484c       0x11 /home/smooker/src/stm32/other/gcc-arm-none-eabi-8-2018-q4-major/bin/../lib/gcc/arm-none-eabi/8.2.1/../../../../arm-none-eabi/lib/thumb/v7-m/nofp/libc_nano.a(lib_a-nano-vfprintf.o)
 .rodata._printf_i.str1.1
                0x000000000800485d       0x22 /home/smooker/src/stm32/other/gcc-arm-none-eabi-8-2018-q4-major/bin/../lib/gcc/arm-none-eabi/8.2.1/../../../../arm-none-eabi/lib/thumb/v7-m/nofp/libc_nano.a(lib_a-nano-vfprintf_i.o)
                0x0000000008004880                . = ALIGN (0x4)
 *fill*         0x000000000800487f        0x1 

.rel.dyn        0x0000000008004880        0x0
 .rel.iplt      0x0000000008004880        0x0 /home/smooker/src/stm32/other/gcc-arm-none-eabi-8-2018-q4-major/bin/../lib/gcc/arm-none-eabi/8.2.1/thumb/v7-m/nofp/crtbegin.o

.ARM.extab
 *(.ARM.extab* .gnu.linkonce.armextab.*)

.ARM            0x0000000008004880        0x0
                0x0000000008004880                __exidx_start = .
 *(.ARM.exidx*)
                0x0000000008004880                __exidx_end = .

.preinit_array  0x0000000008004880        0x0
                0x0000000008004880                PROVIDE (__preinit_array_start = .)
 *(.preinit_array*)
                0x0000000008004880                PROVIDE (__preinit_array_end = .)

.init_array     0x0000000008004880        0x4
                0x0000000008004880                PROVIDE (__init_array_start = .)
 *(SORT_BY_NAME(.init_array.*))
 *(.init_array*)
 .init_array    0x0000000008004880        0x4 /home/smooker/src/stm32/other/gcc-arm-none-eabi-8-2018-q4-major/bin/../lib/gcc/arm-none-eabi/8.2.1/thumb/v7-m/nofp/crtbegin.o
                0x0000000008004884                PROVIDE (__init_array_end = .)

.fini_array     0x0000000008004884        0x4
                [!provide]                        PROVIDE (__fini_array_start = .)
 *(SORT_BY_NAME(.fini_array.*))
 *(.fini_array*)
 .fini_array    0x0000000008004884        0x4 /home/smooker/src/stm32/other/gcc-arm-none-eabi-8-2018-q4-major/bin/../lib/gcc/arm-none-eabi/8.2.1/thumb/v7-m/nofp/crtbegin.o
                [!provide]                        PROVIDE (__fini_array_end = .)
                0x0000000008004888                _sidata = LOADADDR (.data)

.data           0x0000000020000000      0x1e0 load address 0x0000000008004888
                0x0000000020000000                . = ALIGN (0x4)
                0x0000000020000000                _sdata = .
 *(.data)
 *(.data*)
 .data.FS_Desc  0x0000000020000000       0x1c build/usbd_desc.o
                0x0000000020000000                FS_Desc
 .data.USBD_FS_DeviceDesc
                0x000000002000001c       0x12 build/usbd_desc.o
                0x000000002000001c                USBD_FS_DeviceDesc
 *fill*         0x000000002000002e        0x2 
 .data.USBD_LangIDDesc
                0x0000000020000030        0x4 build/usbd_desc.o
                0x0000000020000030                USBD_LangIDDesc
 .data.USBD_StringSerial
                0x0000000020000034       0x1a build/usbd_desc.o
                0x0000000020000034                USBD_StringSerial
 *fill*         0x000000002000004e        0x2 
 .data.USBD_Interface_fops_FS
                0x0000000020000050       0x10 build/usbd_cdc_if.o
                0x0000000020000050                USBD_Interface_fops_FS
 .data.SystemCoreClock
                0x0000000020000060        0x4 build/system_stm32f1xx.o
                0x0000000020000060                SystemCoreClock
 .data.uwTickFreq
                0x0000000020000064        0x1 build/stm32f1xx_hal.o
                0x0000000020000064                uwTickFreq
 *fill*         0x0000000020000065        0x3 
 .data.uwTickPrio
                0x0000000020000068        0x4 build/stm32f1xx_hal.o
                0x0000000020000068                uwTickPrio
 .data.USBD_CDC
                0x000000002000006c       0x38 build/usbd_cdc.o
                0x000000002000006c                USBD_CDC
 .data.USBD_CDC_CfgFSDesc
                0x00000000200000a4       0x43 build/usbd_cdc.o
                0x00000000200000a4                USBD_CDC_CfgFSDesc
 *fill*         0x00000000200000e7        0x1 
 .data.USBD_CDC_CfgHSDesc
                0x00000000200000e8       0x43 build/usbd_cdc.o
                0x00000000200000e8                USBD_CDC_CfgHSDesc
 *fill*         0x000000002000012b        0x1 
 .data.USBD_CDC_DeviceQualifierDesc
                0x000000002000012c        0xa build/usbd_cdc.o
 *fill*         0x0000000020000136        0x2 
 .data.USBD_CDC_OtherSpeedCfgDesc
                0x0000000020000138       0x43 build/usbd_cdc.o
                0x0000000020000138                USBD_CDC_OtherSpeedCfgDesc
 *fill*         0x000000002000017b        0x1 
 .data._impure_ptr
                0x000000002000017c        0x4 /home/smooker/src/stm32/other/gcc-arm-none-eabi-8-2018-q4-major/bin/../lib/gcc/arm-none-eabi/8.2.1/../../../../arm-none-eabi/lib/thumb/v7-m/nofp/libc_nano.a(lib_a-impure.o)
                0x000000002000017c                _impure_ptr
 .data.impure_data
                0x0000000020000180       0x60 /home/smooker/src/stm32/other/gcc-arm-none-eabi-8-2018-q4-major/bin/../lib/gcc/arm-none-eabi/8.2.1/../../../../arm-none-eabi/lib/thumb/v7-m/nofp/libc_nano.a(lib_a-impure.o)
                0x00000000200001e0                . = ALIGN (0x4)
                0x00000000200001e0                _edata = .

.igot.plt       0x00000000200001e0        0x0 load address 0x0000000008004a68
 .igot.plt      0x00000000200001e0        0x0 /home/smooker/src/stm32/other/gcc-arm-none-eabi-8-2018-q4-major/bin/../lib/gcc/arm-none-eabi/8.2.1/thumb/v7-m/nofp/crtbegin.o
                0x00000000200001e0                . = ALIGN (0x4)

.bss            0x00000000200001e0     0x12f4 load address 0x0000000008004a68
                0x00000000200001e0                _sbss = .
                0x00000000200001e0                __bss_start__ = _sbss
 *(.bss)
 .bss           0x00000000200001e0       0x1c /home/smooker/src/stm32/other/gcc-arm-none-eabi-8-2018-q4-major/bin/../lib/gcc/arm-none-eabi/8.2.1/thumb/v7-m/nofp/crtbegin.o
 *(.bss*)
 .bss.heap_end.6073
                0x00000000200001fc        0x4 build/syscalls.o
 .bss.mem.7863  0x0000000020000200      0x220 build/usbd_conf.o
 .bss.cfgidx.7780
                0x0000000020000420        0x1 build/usbd_ctlreq.o
 .bss.ifalt.7775
                0x0000000020000421        0x1 build/usbd_cdc.o
 *fill*         0x0000000020000422        0x2 
 .bss.__malloc_free_list
                0x0000000020000424        0x4 /home/smooker/src/stm32/other/gcc-arm-none-eabi-8-2018-q4-major/bin/../lib/gcc/arm-none-eabi/8.2.1/../../../../arm-none-eabi/lib/thumb/v7-m/nofp/libc_nano.a(lib_a-nano-mallocr.o)
                0x0000000020000424                __malloc_free_list
 .bss.__malloc_sbrk_start
                0x0000000020000428        0x4 /home/smooker/src/stm32/other/gcc-arm-none-eabi-8-2018-q4-major/bin/../lib/gcc/arm-none-eabi/8.2.1/../../../../arm-none-eabi/lib/thumb/v7-m/nofp/libc_nano.a(lib_a-nano-mallocr.o)
                0x0000000020000428                __malloc_sbrk_start
 *(COMMON)
 COMMON         0x000000002000042c      0x200 build/usbd_desc.o
                0x000000002000042c                USBD_StrDesc
 COMMON         0x000000002000062c      0x224 build/usb_device.o
                0x000000002000062c                hUsbDeviceFS
 COMMON         0x0000000020000850      0x7d0 build/usbd_cdc_if.o
                0x0000000020000850                UserRxBufferFS
                0x0000000020000c38                UserTxBufferFS
 COMMON         0x0000000020001020      0x460 build/usbd_conf.o
                0x0000000020001020                hpcd_USB_FS
 COMMON         0x0000000020001480       0x40 build/main.o
                0x0000000020001480                huart1
 COMMON         0x00000000200014c0        0x4 build/stm32f1xx_hal.o
                0x00000000200014c0                uwTick
 COMMON         0x00000000200014c4        0x9 /home/smooker/src/stm32/other/gcc-arm-none-eabi-8-2018-q4-major/bin/../lib/gcc/arm-none-eabi/8.2.1/../../../../arm-none-eabi/lib/thumb/v7-m/nofp/libc_nano.a(lib_a-lock.o)
                0x00000000200014c4                __lock___atexit_recursive_mutex
                0x00000000200014c5                __lock___arc4random_mutex
                0x00000000200014c6                __lock___env_recursive_mutex
                0x00000000200014c7                __lock___sinit_recursive_mutex
                0x00000000200014c8                __lock___malloc_recursive_mutex
                0x00000000200014c9                __lock___at_quick_exit_mutex
                0x00000000200014ca                __lock___dd_hash_mutex
                0x00000000200014cb                __lock___tz_mutex
                0x00000000200014cc                __lock___sfp_recursive_mutex
 *fill*         0x00000000200014cd        0x3 
 COMMON         0x00000000200014d0        0x4 /home/smooker/src/stm32/other/gcc-arm-none-eabi-8-2018-q4-major/bin/../lib/gcc/arm-none-eabi/8.2.1/../../../../arm-none-eabi/lib/thumb/v7-m/nofp/libc_nano.a(lib_a-reent.o)
                0x00000000200014d0                errno
                0x00000000200014d4                . = ALIGN (0x4)
                0x00000000200014d4                _ebss = .
                0x00000000200014d4                __bss_end__ = _ebss

._user_heap_stack
                0x00000000200014d4      0x604 load address 0x0000000008004a68
                0x00000000200014d8                . = ALIGN (0x8)
 *fill*         0x00000000200014d4        0x4 
                0x00000000200014d8                PROVIDE (end = .)
                [!provide]                        PROVIDE (_end = .)
                0x00000000200016d8                . = (. + _Min_Heap_Size)
 *fill*         0x00000000200014d8      0x200 
                0x0000000020001ad8                . = (. + _Min_Stack_Size)
 *fill*         0x00000000200016d8      0x400 
                0x0000000020001ad8                . = ALIGN (0x8)

/DISCARD/
 libc.a(*)
 libm.a(*)
 libgcc.a(*)

.ARM.attributes
                0x0000000000000000       0x29
 *(.ARM.attributes)
 .ARM.attributes
                0x0000000000000000       0x1d /home/smooker/src/stm32/other/gcc-arm-none-eabi-8-2018-q4-major/bin/../lib/gcc/arm-none-eabi/8.2.1/thumb/v7-m/nofp/crti.o
 .ARM.attributes
                0x000000000000001d       0x2d /home/smooker/src/stm32/other/gcc-arm-none-eabi-8-2018-q4-major/bin/../lib/gcc/arm-none-eabi/8.2.1/thumb/v7-m/nofp/crtbegin.o
 .ARM.attributes
                0x000000000000004a       0x2d build/syscalls.o
 .ARM.attributes
                0x0000000000000077       0x2d build/usbd_desc.o
 .ARM.attributes
                0x00000000000000a4       0x2d build/usb_device.o
 .ARM.attributes
                0x00000000000000d1       0x2d build/usbd_cdc_if.o
 .ARM.attributes
                0x00000000000000fe       0x2d build/usbd_conf.o
 .ARM.attributes
                0x000000000000012b       0x2d build/main.o
 .ARM.attributes
                0x0000000000000158       0x2d build/stm32f1xx_it.o
 .ARM.attributes
                0x0000000000000185       0x2d build/stm32f1xx_hal_msp.o
 .ARM.attributes
                0x00000000000001b2       0x2d build/system_stm32f1xx.o
 .ARM.attributes
                0x00000000000001df       0x2d build/stm32f1xx_hal_uart.o
 .ARM.attributes
                0x000000000000020c       0x2d build/stm32f1xx_hal.o
 .ARM.attributes
                0x0000000000000239       0x2d build/stm32f1xx_hal_rcc.o
 .ARM.attributes
                0x0000000000000266       0x2d build/stm32f1xx_hal_rcc_ex.o
 .ARM.attributes
                0x0000000000000293       0x2d build/stm32f1xx_hal_gpio.o
 .ARM.attributes
                0x00000000000002c0       0x2d build/stm32f1xx_hal_dma.o
 .ARM.attributes
                0x00000000000002ed       0x2d build/stm32f1xx_hal_cortex.o
 .ARM.attributes
                0x000000000000031a       0x2d build/stm32f1xx_hal_pcd.o
 .ARM.attributes
                0x0000000000000347       0x2d build/stm32f1xx_hal_pcd_ex.o
 .ARM.attributes
                0x0000000000000374       0x2d build/stm32f1xx_ll_usb.o
 .ARM.attributes
                0x00000000000003a1       0x2d build/usbd_core.o
 .ARM.attributes
                0x00000000000003ce       0x2d build/usbd_ctlreq.o
 .ARM.attributes
                0x00000000000003fb       0x2d build/usbd_ioreq.o
 .ARM.attributes
                0x0000000000000428       0x2d build/usbd_cdc.o
 .ARM.attributes
                0x0000000000000455       0x21 build/startup_stm32f103xb.o
 .ARM.attributes
                0x0000000000000476       0x2d /home/smooker/src/stm32/other/gcc-arm-none-eabi-8-2018-q4-major/bin/../lib/gcc/arm-none-eabi/8.2.1/../../../../arm-none-eabi/lib/thumb/v7-m/nofp/libc_nano.a(lib_a-errno.o)
 .ARM.attributes
                0x00000000000004a3       0x2d /home/smooker/src/stm32/other/gcc-arm-none-eabi-8-2018-q4-major/bin/../lib/gcc/arm-none-eabi/8.2.1/../../../../arm-none-eabi/lib/thumb/v7-m/nofp/libc_nano.a(lib_a-impure.o)
 .ARM.attributes
                0x00000000000004d0       0x2d /home/smooker/src/stm32/other/gcc-arm-none-eabi-8-2018-q4-major/bin/../lib/gcc/arm-none-eabi/8.2.1/../../../../arm-none-eabi/lib/thumb/v7-m/nofp/libc_nano.a(lib_a-init.o)
 .ARM.attributes
                0x00000000000004fd       0x2d /home/smooker/src/stm32/other/gcc-arm-none-eabi-8-2018-q4-major/bin/../lib/gcc/arm-none-eabi/8.2.1/../../../../arm-none-eabi/lib/thumb/v7-m/nofp/libc_nano.a(lib_a-memset.o)
 .ARM.attributes
                0x000000000000052a       0x2d /home/smooker/src/stm32/other/gcc-arm-none-eabi-8-2018-q4-major/bin/../lib/gcc/arm-none-eabi/8.2.1/../../../../arm-none-eabi/lib/thumb/v7-m/nofp/libc_nano.a(lib_a-printf.o)
 .ARM.attributes
                0x0000000000000557       0x2d /home/smooker/src/stm32/other/gcc-arm-none-eabi-8-2018-q4-major/bin/../lib/gcc/arm-none-eabi/8.2.1/../../../../arm-none-eabi/lib/thumb/v7-m/nofp/libc_nano.a(lib_a-putchar.o)
 .ARM.attributes
                0x0000000000000584       0x2d /home/smooker/src/stm32/other/gcc-arm-none-eabi-8-2018-q4-major/bin/../lib/gcc/arm-none-eabi/8.2.1/../../../../arm-none-eabi/lib/thumb/v7-m/nofp/libc_nano.a(lib_a-findfp.o)
 .ARM.attributes
                0x00000000000005b1       0x2d /home/smooker/src/stm32/other/gcc-arm-none-eabi-8-2018-q4-major/bin/../lib/gcc/arm-none-eabi/8.2.1/../../../../arm-none-eabi/lib/thumb/v7-m/nofp/libc_nano.a(lib_a-fwalk.o)
 .ARM.attributes
                0x00000000000005de       0x2d /home/smooker/src/stm32/other/gcc-arm-none-eabi-8-2018-q4-major/bin/../lib/gcc/arm-none-eabi/8.2.1/../../../../arm-none-eabi/lib/thumb/v7-m/nofp/libc_nano.a(lib_a-lock.o)
 .ARM.attributes
                0x000000000000060b       0x2d /home/smooker/src/stm32/other/gcc-arm-none-eabi-8-2018-q4-major/bin/../lib/gcc/arm-none-eabi/8.2.1/../../../../arm-none-eabi/lib/thumb/v7-m/nofp/libc_nano.a(lib_a-nano-mallocr.o)
 .ARM.attributes
                0x0000000000000638       0x2d /home/smooker/src/stm32/other/gcc-arm-none-eabi-8-2018-q4-major/bin/../lib/gcc/arm-none-eabi/8.2.1/../../../../arm-none-eabi/lib/thumb/v7-m/nofp/libc_nano.a(lib_a-nano-vfprintf.o)
 .ARM.attributes
                0x0000000000000665       0x2d /home/smooker/src/stm32/other/gcc-arm-none-eabi-8-2018-q4-major/bin/../lib/gcc/arm-none-eabi/8.2.1/../../../../arm-none-eabi/lib/thumb/v7-m/nofp/libc_nano.a(lib_a-nano-vfprintf_i.o)
 .ARM.attributes
                0x0000000000000692       0x2d /home/smooker/src/stm32/other/gcc-arm-none-eabi-8-2018-q4-major/bin/../lib/gcc/arm-none-eabi/8.2.1/../../../../arm-none-eabi/lib/thumb/v7-m/nofp/libc_nano.a(lib_a-putc.o)
 .ARM.attributes
                0x00000000000006bf       0x2d /home/smooker/src/stm32/other/gcc-arm-none-eabi-8-2018-q4-major/bin/../lib/gcc/arm-none-eabi/8.2.1/../../../../arm-none-eabi/lib/thumb/v7-m/nofp/libc_nano.a(lib_a-sbrkr.o)
 .ARM.attributes
                0x00000000000006ec       0x2d /home/smooker/src/stm32/other/gcc-arm-none-eabi-8-2018-q4-major/bin/../lib/gcc/arm-none-eabi/8.2.1/../../../../arm-none-eabi/lib/thumb/v7-m/nofp/libc_nano.a(lib_a-stdio.o)
 .ARM.attributes
                0x0000000000000719       0x2d /home/smooker/src/stm32/other/gcc-arm-none-eabi-8-2018-q4-major/bin/../lib/gcc/arm-none-eabi/8.2.1/../../../../arm-none-eabi/lib/thumb/v7-m/nofp/libc_nano.a(lib_a-wbuf.o)
 .ARM.attributes
                0x0000000000000746       0x2d /home/smooker/src/stm32/other/gcc-arm-none-eabi-8-2018-q4-major/bin/../lib/gcc/arm-none-eabi/8.2.1/../../../../arm-none-eabi/lib/thumb/v7-m/nofp/libc_nano.a(lib_a-writer.o)
 .ARM.attributes
                0x0000000000000773       0x2d /home/smooker/src/stm32/other/gcc-arm-none-eabi-8-2018-q4-major/bin/../lib/gcc/arm-none-eabi/8.2.1/../../../../arm-none-eabi/lib/thumb/v7-m/nofp/libc_nano.a(lib_a-wsetup.o)
 .ARM.attributes
                0x00000000000007a0       0x2d /home/smooker/src/stm32/other/gcc-arm-none-eabi-8-2018-q4-major/bin/../lib/gcc/arm-none-eabi/8.2.1/../../../../arm-none-eabi/lib/thumb/v7-m/nofp/libc_nano.a(lib_a-closer.o)
 .ARM.attributes
                0x00000000000007cd       0x2d /home/smooker/src/stm32/other/gcc-arm-none-eabi-8-2018-q4-major/bin/../lib/gcc/arm-none-eabi/8.2.1/../../../../arm-none-eabi/lib/thumb/v7-m/nofp/libc_nano.a(lib_a-fflush.o)
 .ARM.attributes
                0x00000000000007fa       0x2d /home/smooker/src/stm32/other/gcc-arm-none-eabi-8-2018-q4-major/bin/../lib/gcc/arm-none-eabi/8.2.1/../../../../arm-none-eabi/lib/thumb/v7-m/nofp/libc_nano.a(lib_a-lseekr.o)
 .ARM.attributes
                0x0000000000000827       0x2d /home/smooker/src/stm32/other/gcc-arm-none-eabi-8-2018-q4-major/bin/../lib/gcc/arm-none-eabi/8.2.1/../../../../arm-none-eabi/lib/thumb/v7-m/nofp/libc_nano.a(lib_a-makebuf.o)
 .ARM.attributes
                0x0000000000000854       0x2d /home/smooker/src/stm32/other/gcc-arm-none-eabi-8-2018-q4-major/bin/../lib/gcc/arm-none-eabi/8.2.1/../../../../arm-none-eabi/lib/thumb/v7-m/nofp/libc_nano.a(lib_a-memchr-stub.o)
 .ARM.attributes
                0x0000000000000881       0x2d /home/smooker/src/stm32/other/gcc-arm-none-eabi-8-2018-q4-major/bin/../lib/gcc/arm-none-eabi/8.2.1/../../../../arm-none-eabi/lib/thumb/v7-m/nofp/libc_nano.a(lib_a-mlock.o)
 .ARM.attributes
                0x00000000000008ae       0x2d /home/smooker/src/stm32/other/gcc-arm-none-eabi-8-2018-q4-major/bin/../lib/gcc/arm-none-eabi/8.2.1/../../../../arm-none-eabi/lib/thumb/v7-m/nofp/libc_nano.a(lib_a-nano-freer.o)
 .ARM.attributes
                0x00000000000008db       0x2d /home/smooker/src/stm32/other/gcc-arm-none-eabi-8-2018-q4-major/bin/../lib/gcc/arm-none-eabi/8.2.1/../../../../arm-none-eabi/lib/thumb/v7-m/nofp/libc_nano.a(lib_a-readr.o)
 .ARM.attributes
                0x0000000000000908       0x2d /home/smooker/src/stm32/other/gcc-arm-none-eabi-8-2018-q4-major/bin/../lib/gcc/arm-none-eabi/8.2.1/../../../../arm-none-eabi/lib/thumb/v7-m/nofp/libc_nano.a(lib_a-reent.o)
 .ARM.attributes
                0x0000000000000935       0x2d /home/smooker/src/stm32/other/gcc-arm-none-eabi-8-2018-q4-major/bin/../lib/gcc/arm-none-eabi/8.2.1/../../../../arm-none-eabi/lib/thumb/v7-m/nofp/libc_nano.a(lib_a-fstatr.o)
 .ARM.attributes
                0x0000000000000962       0x2d /home/smooker/src/stm32/other/gcc-arm-none-eabi-8-2018-q4-major/bin/../lib/gcc/arm-none-eabi/8.2.1/../../../../arm-none-eabi/lib/thumb/v7-m/nofp/libc_nano.a(lib_a-isattyr.o)
 .ARM.attributes
                0x000000000000098f       0x1d /home/smooker/src/stm32/other/gcc-arm-none-eabi-8-2018-q4-major/bin/../lib/gcc/arm-none-eabi/8.2.1/thumb/v7-m/nofp/crtn.o
OUTPUT(build/usart.elf elf32-littlearm)

.comment        0x0000000000000000       0x75
 .comment       0x0000000000000000       0x75 build/syscalls.o
                                         0x76 (size before relaxing)
 .comment       0x0000000000000075       0x76 build/usbd_desc.o
 .comment       0x0000000000000075       0x76 build/usb_device.o
 .comment       0x0000000000000075       0x76 build/usbd_cdc_if.o
 .comment       0x0000000000000075       0x76 build/usbd_conf.o
 .comment       0x0000000000000075       0x76 build/main.o
 .comment       0x0000000000000075       0x76 build/stm32f1xx_it.o
 .comment       0x0000000000000075       0x76 build/stm32f1xx_hal_msp.o
 .comment       0x0000000000000075       0x76 build/system_stm32f1xx.o
 .comment       0x0000000000000075       0x76 build/stm32f1xx_hal_uart.o
 .comment       0x0000000000000075       0x76 build/stm32f1xx_hal.o
 .comment       0x0000000000000075       0x76 build/stm32f1xx_hal_rcc.o
 .comment       0x0000000000000075       0x76 build/stm32f1xx_hal_rcc_ex.o
 .comment       0x0000000000000075       0x76 build/stm32f1xx_hal_gpio.o
 .comment       0x0000000000000075       0x76 build/stm32f1xx_hal_dma.o
 .comment       0x0000000000000075       0x76 build/stm32f1xx_hal_cortex.o
 .comment       0x0000000000000075       0x76 build/stm32f1xx_hal_pcd.o
 .comment       0x0000000000000075       0x76 build/stm32f1xx_hal_pcd_ex.o
 .comment       0x0000000000000075       0x76 build/stm32f1xx_ll_usb.o
 .comment       0x0000000000000075       0x76 build/usbd_core.o
 .comment       0x0000000000000075       0x76 build/usbd_ctlreq.o
 .comment       0x0000000000000075       0x76 build/usbd_ioreq.o
 .comment       0x0000000000000075       0x76 build/usbd_cdc.o

.debug_frame    0x0000000000000000      0x8c8
 .debug_frame   0x0000000000000000       0x20 /home/smooker/src/stm32/other/gcc-arm-none-eabi-8-2018-q4-major/bin/../lib/gcc/arm-none-eabi/8.2.1/../../../../arm-none-eabi/lib/thumb/v7-m/nofp/libc_nano.a(lib_a-errno.o)
 .debug_frame   0x0000000000000020       0x2c /home/smooker/src/stm32/other/gcc-arm-none-eabi-8-2018-q4-major/bin/../lib/gcc/arm-none-eabi/8.2.1/../../../../arm-none-eabi/lib/thumb/v7-m/nofp/libc_nano.a(lib_a-init.o)
 .debug_frame   0x000000000000004c       0x20 /home/smooker/src/stm32/other/gcc-arm-none-eabi-8-2018-q4-major/bin/../lib/gcc/arm-none-eabi/8.2.1/../../../../arm-none-eabi/lib/thumb/v7-m/nofp/libc_nano.a(lib_a-memset.o)
 .debug_frame   0x000000000000006c       0x74 /home/smooker/src/stm32/other/gcc-arm-none-eabi-8-2018-q4-major/bin/../lib/gcc/arm-none-eabi/8.2.1/../../../../arm-none-eabi/lib/thumb/v7-m/nofp/libc_nano.a(lib_a-printf.o)
 .debug_frame   0x00000000000000e0       0x58 /home/smooker/src/stm32/other/gcc-arm-none-eabi-8-2018-q4-major/bin/../lib/gcc/arm-none-eabi/8.2.1/../../../../arm-none-eabi/lib/thumb/v7-m/nofp/libc_nano.a(lib_a-putchar.o)
 .debug_frame   0x0000000000000138      0x14c /home/smooker/src/stm32/other/gcc-arm-none-eabi-8-2018-q4-major/bin/../lib/gcc/arm-none-eabi/8.2.1/../../../../arm-none-eabi/lib/thumb/v7-m/nofp/libc_nano.a(lib_a-findfp.o)
 .debug_frame   0x0000000000000284       0x54 /home/smooker/src/stm32/other/gcc-arm-none-eabi-8-2018-q4-major/bin/../lib/gcc/arm-none-eabi/8.2.1/../../../../arm-none-eabi/lib/thumb/v7-m/nofp/libc_nano.a(lib_a-fwalk.o)
 .debug_frame   0x00000000000002d8       0xb0 /home/smooker/src/stm32/other/gcc-arm-none-eabi-8-2018-q4-major/bin/../lib/gcc/arm-none-eabi/8.2.1/../../../../arm-none-eabi/lib/thumb/v7-m/nofp/libc_nano.a(lib_a-lock.o)
 .debug_frame   0x0000000000000388       0x30 /home/smooker/src/stm32/other/gcc-arm-none-eabi-8-2018-q4-major/bin/../lib/gcc/arm-none-eabi/8.2.1/../../../../arm-none-eabi/lib/thumb/v7-m/nofp/libc_nano.a(lib_a-nano-mallocr.o)
 .debug_frame   0x00000000000003b8       0xac /home/smooker/src/stm32/other/gcc-arm-none-eabi-8-2018-q4-major/bin/../lib/gcc/arm-none-eabi/8.2.1/../../../../arm-none-eabi/lib/thumb/v7-m/nofp/libc_nano.a(lib_a-nano-vfprintf.o)
 .debug_frame   0x0000000000000464       0x60 /home/smooker/src/stm32/other/gcc-arm-none-eabi-8-2018-q4-major/bin/../lib/gcc/arm-none-eabi/8.2.1/../../../../arm-none-eabi/lib/thumb/v7-m/nofp/libc_nano.a(lib_a-nano-vfprintf_i.o)
 .debug_frame   0x00000000000004c4       0x3c /home/smooker/src/stm32/other/gcc-arm-none-eabi-8-2018-q4-major/bin/../lib/gcc/arm-none-eabi/8.2.1/../../../../arm-none-eabi/lib/thumb/v7-m/nofp/libc_nano.a(lib_a-putc.o)
 .debug_frame   0x0000000000000500       0x2c /home/smooker/src/stm32/other/gcc-arm-none-eabi-8-2018-q4-major/bin/../lib/gcc/arm-none-eabi/8.2.1/../../../../arm-none-eabi/lib/thumb/v7-m/nofp/libc_nano.a(lib_a-sbrkr.o)
 .debug_frame   0x000000000000052c       0x88 /home/smooker/src/stm32/other/gcc-arm-none-eabi-8-2018-q4-major/bin/../lib/gcc/arm-none-eabi/8.2.1/../../../../arm-none-eabi/lib/thumb/v7-m/nofp/libc_nano.a(lib_a-stdio.o)
 .debug_frame   0x00000000000005b4       0x40 /home/smooker/src/stm32/other/gcc-arm-none-eabi-8-2018-q4-major/bin/../lib/gcc/arm-none-eabi/8.2.1/../../../../arm-none-eabi/lib/thumb/v7-m/nofp/libc_nano.a(lib_a-wbuf.o)
 .debug_frame   0x00000000000005f4       0x2c /home/smooker/src/stm32/other/gcc-arm-none-eabi-8-2018-q4-major/bin/../lib/gcc/arm-none-eabi/8.2.1/../../../../arm-none-eabi/lib/thumb/v7-m/nofp/libc_nano.a(lib_a-writer.o)
 .debug_frame   0x0000000000000620       0x2c /home/smooker/src/stm32/other/gcc-arm-none-eabi-8-2018-q4-major/bin/../lib/gcc/arm-none-eabi/8.2.1/../../../../arm-none-eabi/lib/thumb/v7-m/nofp/libc_nano.a(lib_a-wsetup.o)
 .debug_frame   0x000000000000064c       0x2c /home/smooker/src/stm32/other/gcc-arm-none-eabi-8-2018-q4-major/bin/../lib/gcc/arm-none-eabi/8.2.1/../../../../arm-none-eabi/lib/thumb/v7-m/nofp/libc_nano.a(lib_a-closer.o)
 .debug_frame   0x0000000000000678       0x5c /home/smooker/src/stm32/other/gcc-arm-none-eabi-8-2018-q4-major/bin/../lib/gcc/arm-none-eabi/8.2.1/../../../../arm-none-eabi/lib/thumb/v7-m/nofp/libc_nano.a(lib_a-fflush.o)
 .debug_frame   0x00000000000006d4       0x2c /home/smooker/src/stm32/other/gcc-arm-none-eabi-8-2018-q4-major/bin/../lib/gcc/arm-none-eabi/8.2.1/../../../../arm-none-eabi/lib/thumb/v7-m/nofp/libc_nano.a(lib_a-lseekr.o)
 .debug_frame   0x0000000000000700       0x58 /home/smooker/src/stm32/other/gcc-arm-none-eabi-8-2018-q4-major/bin/../lib/gcc/arm-none-eabi/8.2.1/../../../../arm-none-eabi/lib/thumb/v7-m/nofp/libc_nano.a(lib_a-makebuf.o)
 .debug_frame   0x0000000000000758       0x28 /home/smooker/src/stm32/other/gcc-arm-none-eabi-8-2018-q4-major/bin/../lib/gcc/arm-none-eabi/8.2.1/../../../../arm-none-eabi/lib/thumb/v7-m/nofp/libc_nano.a(lib_a-memchr-stub.o)
 .debug_frame   0x0000000000000780       0x30 /home/smooker/src/stm32/other/gcc-arm-none-eabi-8-2018-q4-major/bin/../lib/gcc/arm-none-eabi/8.2.1/../../../../arm-none-eabi/lib/thumb/v7-m/nofp/libc_nano.a(lib_a-mlock.o)
 .debug_frame   0x00000000000007b0       0x38 /home/smooker/src/stm32/other/gcc-arm-none-eabi-8-2018-q4-major/bin/../lib/gcc/arm-none-eabi/8.2.1/../../../../arm-none-eabi/lib/thumb/v7-m/nofp/libc_nano.a(lib_a-nano-freer.o)
 .debug_frame   0x00000000000007e8       0x2c /home/smooker/src/stm32/other/gcc-arm-none-eabi-8-2018-q4-major/bin/../lib/gcc/arm-none-eabi/8.2.1/../../../../arm-none-eabi/lib/thumb/v7-m/nofp/libc_nano.a(lib_a-readr.o)
 .debug_frame   0x0000000000000814       0x5c /home/smooker/src/stm32/other/gcc-arm-none-eabi-8-2018-q4-major/bin/../lib/gcc/arm-none-eabi/8.2.1/../../../../arm-none-eabi/lib/thumb/v7-m/nofp/libc_nano.a(lib_a-reent.o)
 .debug_frame   0x0000000000000870       0x2c /home/smooker/src/stm32/other/gcc-arm-none-eabi-8-2018-q4-major/bin/../lib/gcc/arm-none-eabi/8.2.1/../../../../arm-none-eabi/lib/thumb/v7-m/nofp/libc_nano.a(lib_a-fstatr.o)
 .debug_frame   0x000000000000089c       0x2c /home/smooker/src/stm32/other/gcc-arm-none-eabi-8-2018-q4-major/bin/../lib/gcc/arm-none-eabi/8.2.1/../../../../arm-none-eabi/lib/thumb/v7-m/nofp/libc_nano.a(lib_a-isattyr.o)

Cross Reference Table

Symbol                                            File
ADC1_2_IRQHandler                                 build/startup_stm32f103xb.o
AHBPrescTable                                     build/system_stm32f1xx.o
                                                  build/stm32f1xx_hal_rcc.o
APBPrescTable                                     build/system_stm32f1xx.o
                                                  build/stm32f1xx_hal_rcc.o
BusFault_Handler                                  build/stm32f1xx_it.o
CAN1_RX1_IRQHandler                               build/startup_stm32f103xb.o
CAN1_SCE_IRQHandler                               build/startup_stm32f103xb.o
CDC_Transmit_FS                                   build/usbd_cdc_if.o
DMA1_Channel1_IRQHandler                          build/startup_stm32f103xb.o
DMA1_Channel2_IRQHandler                          build/startup_stm32f103xb.o
DMA1_Channel3_IRQHandler                          build/startup_stm32f103xb.o
DMA1_Channel4_IRQHandler                          build/startup_stm32f103xb.o
DMA1_Channel5_IRQHandler                          build/startup_stm32f103xb.o
DMA1_Channel6_IRQHandler                          build/startup_stm32f103xb.o
DMA1_Channel7_IRQHandler                          build/startup_stm32f103xb.o
DebugMon_Handler                                  build/stm32f1xx_it.o
Default_Handler                                   build/startup_stm32f103xb.o
EXTI0_IRQHandler                                  build/startup_stm32f103xb.o
EXTI15_10_IRQHandler                              build/startup_stm32f103xb.o
EXTI1_IRQHandler                                  build/startup_stm32f103xb.o
EXTI2_IRQHandler                                  build/startup_stm32f103xb.o
EXTI3_IRQHandler                                  build/startup_stm32f103xb.o
EXTI4_IRQHandler                                  build/startup_stm32f103xb.o
EXTI9_5_IRQHandler                                build/startup_stm32f103xb.o
Error_Handler                                     build/main.o
                                                  build/usbd_conf.o
                                                  build/usb_device.o
FLASH_IRQHandler                                  build/startup_stm32f103xb.o
FLASH_PageErase                                   build/stm32f1xx_hal_flash_ex.o
                                                  build/stm32f1xx_hal_flash.o
FLASH_WaitForLastOperation                        build/stm32f1xx_hal_flash.o
                                                  build/stm32f1xx_hal_flash_ex.o
FS_Desc                                           build/usbd_desc.o
                                                  build/usb_device.o
HAL_DBGMCU_DisableDBGSleepMode                    build/stm32f1xx_hal.o
HAL_DBGMCU_DisableDBGStandbyMode                  build/stm32f1xx_hal.o
HAL_DBGMCU_DisableDBGStopMode                     build/stm32f1xx_hal.o
HAL_DBGMCU_EnableDBGSleepMode                     build/stm32f1xx_hal.o
HAL_DBGMCU_EnableDBGStandbyMode                   build/stm32f1xx_hal.o
HAL_DBGMCU_EnableDBGStopMode                      build/stm32f1xx_hal.o
HAL_DMA_Abort                                     build/stm32f1xx_hal_dma.o
                                                  build/stm32f1xx_hal_uart.o
HAL_DMA_Abort_IT                                  build/stm32f1xx_hal_dma.o
                                                  build/stm32f1xx_hal_uart.o
HAL_DMA_DeInit                                    build/stm32f1xx_hal_dma.o
HAL_DMA_GetError                                  build/stm32f1xx_hal_dma.o
HAL_DMA_GetState                                  build/stm32f1xx_hal_dma.o
HAL_DMA_IRQHandler                                build/stm32f1xx_hal_dma.o
HAL_DMA_Init                                      build/stm32f1xx_hal_dma.o
HAL_DMA_PollForTransfer                           build/stm32f1xx_hal_dma.o
HAL_DMA_RegisterCallback                          build/stm32f1xx_hal_dma.o
HAL_DMA_Start                                     build/stm32f1xx_hal_dma.o
HAL_DMA_Start_IT                                  build/stm32f1xx_hal_dma.o
                                                  build/stm32f1xx_hal_uart.o
HAL_DMA_UnRegisterCallback                        build/stm32f1xx_hal_dma.o
HAL_DeInit                                        build/stm32f1xx_hal.o
HAL_Delay                                         build/stm32f1xx_hal.o
                                                  build/main.o
                                                  build/usbd_conf.o
HAL_FLASHEx_Erase                                 build/stm32f1xx_hal_flash_ex.o
HAL_FLASHEx_Erase_IT                              build/stm32f1xx_hal_flash_ex.o
HAL_FLASHEx_OBErase                               build/stm32f1xx_hal_flash_ex.o
HAL_FLASHEx_OBGetConfig                           build/stm32f1xx_hal_flash_ex.o
HAL_FLASHEx_OBGetUserData                         build/stm32f1xx_hal_flash_ex.o
HAL_FLASHEx_OBProgram                             build/stm32f1xx_hal_flash_ex.o
HAL_FLASH_EndOfOperationCallback                  build/stm32f1xx_hal_flash.o
HAL_FLASH_GetError                                build/stm32f1xx_hal_flash.o
HAL_FLASH_IRQHandler                              build/stm32f1xx_hal_flash.o
HAL_FLASH_Lock                                    build/stm32f1xx_hal_flash.o
HAL_FLASH_OB_Launch                               build/stm32f1xx_hal_flash.o
HAL_FLASH_OB_Lock                                 build/stm32f1xx_hal_flash.o
HAL_FLASH_OB_Unlock                               build/stm32f1xx_hal_flash.o
HAL_FLASH_OperationErrorCallback                  build/stm32f1xx_hal_flash.o
HAL_FLASH_Program                                 build/stm32f1xx_hal_flash.o
HAL_FLASH_Program_IT                              build/stm32f1xx_hal_flash.o
HAL_FLASH_Unlock                                  build/stm32f1xx_hal_flash.o
HAL_GPIOEx_ConfigEventout                         build/stm32f1xx_hal_gpio_ex.o
HAL_GPIOEx_DisableEventout                        build/stm32f1xx_hal_gpio_ex.o
HAL_GPIOEx_EnableEventout                         build/stm32f1xx_hal_gpio_ex.o
HAL_GPIO_DeInit                                   build/stm32f1xx_hal_gpio.o
                                                  build/stm32f1xx_hal_msp.o
HAL_GPIO_EXTI_Callback                            build/stm32f1xx_hal_gpio.o
HAL_GPIO_EXTI_IRQHandler                          build/stm32f1xx_hal_gpio.o
HAL_GPIO_Init                                     build/stm32f1xx_hal_gpio.o
                                                  build/stm32f1xx_hal_rcc.o
                                                  build/stm32f1xx_hal_msp.o
                                                  build/main.o
HAL_GPIO_LockPin                                  build/stm32f1xx_hal_gpio.o
HAL_GPIO_ReadPin                                  build/stm32f1xx_hal_gpio.o
HAL_GPIO_TogglePin                                build/stm32f1xx_hal_gpio.o
HAL_GPIO_WritePin                                 build/stm32f1xx_hal_gpio.o
                                                  build/main.o
HAL_GetDEVID                                      build/stm32f1xx_hal.o
HAL_GetHalVersion                                 build/stm32f1xx_hal.o
HAL_GetREVID                                      build/stm32f1xx_hal.o
HAL_GetTick                                       build/stm32f1xx_hal.o
                                                  build/stm32f1xx_hal_flash.o
                                                  build/stm32f1xx_hal_dma.o
                                                  build/stm32f1xx_hal_rcc_ex.o
                                                  build/stm32f1xx_hal_rcc.o
                                                  build/stm32f1xx_hal_uart.o
HAL_GetTickFreq                                   build/stm32f1xx_hal.o
HAL_GetTickPrio                                   build/stm32f1xx_hal.o
HAL_GetUID                                        build/stm32f1xx_hal.o
HAL_HalfDuplex_EnableReceiver                     build/stm32f1xx_hal_uart.o
HAL_HalfDuplex_EnableTransmitter                  build/stm32f1xx_hal_uart.o
HAL_HalfDuplex_Init                               build/stm32f1xx_hal_uart.o
HAL_IncTick                                       build/stm32f1xx_hal.o
                                                  build/stm32f1xx_it.o
HAL_Init                                          build/stm32f1xx_hal.o
                                                  build/main.o
HAL_InitTick                                      build/stm32f1xx_hal.o
                                                  build/stm32f1xx_hal_rcc.o
HAL_LIN_Init                                      build/stm32f1xx_hal_uart.o
HAL_LIN_SendBreak                                 build/stm32f1xx_hal_uart.o
HAL_MspDeInit                                     build/stm32f1xx_hal.o
HAL_MspInit                                       build/stm32f1xx_hal_msp.o
HAL_MultiProcessor_EnterMuteMode                  build/stm32f1xx_hal_uart.o
HAL_MultiProcessor_ExitMuteMode                   build/stm32f1xx_hal_uart.o
HAL_MultiProcessor_Init                           build/stm32f1xx_hal_uart.o
HAL_NVIC_ClearPendingIRQ                          build/stm32f1xx_hal_cortex.o
HAL_NVIC_DisableIRQ                               build/stm32f1xx_hal_cortex.o
                                                  build/stm32f1xx_hal_msp.o
                                                  build/usbd_conf.o
HAL_NVIC_EnableIRQ                                build/stm32f1xx_hal_cortex.o
                                                  build/stm32f1xx_hal_msp.o
                                                  build/usbd_conf.o
HAL_NVIC_GetActive                                build/stm32f1xx_hal_cortex.o
HAL_NVIC_GetPendingIRQ                            build/stm32f1xx_hal_cortex.o
HAL_NVIC_GetPriority                              build/stm32f1xx_hal_cortex.o
HAL_NVIC_GetPriorityGrouping                      build/stm32f1xx_hal_cortex.o
HAL_NVIC_SetPendingIRQ                            build/stm32f1xx_hal_cortex.o
HAL_NVIC_SetPriority                              build/stm32f1xx_hal_cortex.o
                                                  build/stm32f1xx_hal.o
                                                  build/stm32f1xx_hal_msp.o
                                                  build/usbd_conf.o
HAL_NVIC_SetPriorityGrouping                      build/stm32f1xx_hal_cortex.o
                                                  build/stm32f1xx_hal.o
HAL_NVIC_SystemReset                              build/stm32f1xx_hal_cortex.o
                                                  build/stm32f1xx_hal_flash.o
HAL_PCDEx_PMAConfig                               build/stm32f1xx_hal_pcd_ex.o
                                                  build/usbd_conf.o
HAL_PCDEx_SetConnectionState                      build/usbd_conf.o
                                                  build/stm32f1xx_hal_pcd.o
HAL_PCD_ActivateRemoteWakeup                      build/stm32f1xx_hal_pcd.o
HAL_PCD_ConnectCallback                           build/usbd_conf.o
HAL_PCD_DataInStageCallback                       build/usbd_conf.o
HAL_PCD_DataOutStageCallback                      build/usbd_conf.o
HAL_PCD_DeActivateRemoteWakeup                    build/stm32f1xx_hal_pcd.o
HAL_PCD_DeInit                                    build/stm32f1xx_hal_pcd.o
                                                  build/usbd_conf.o
HAL_PCD_DevConnect                                build/stm32f1xx_hal_pcd.o
HAL_PCD_DevDisconnect                             build/stm32f1xx_hal_pcd.o
HAL_PCD_DisconnectCallback                        build/usbd_conf.o
HAL_PCD_EP_Close                                  build/stm32f1xx_hal_pcd.o
                                                  build/usbd_conf.o
HAL_PCD_EP_ClrStall                               build/stm32f1xx_hal_pcd.o
                                                  build/usbd_conf.o
HAL_PCD_EP_Flush                                  build/stm32f1xx_hal_pcd.o
                                                  build/usbd_conf.o
HAL_PCD_EP_GetRxCount                             build/stm32f1xx_hal_pcd.o
                                                  build/usbd_conf.o
HAL_PCD_EP_Open                                   build/stm32f1xx_hal_pcd.o
                                                  build/usbd_conf.o
HAL_PCD_EP_Receive                                build/stm32f1xx_hal_pcd.o
                                                  build/usbd_conf.o
HAL_PCD_EP_SetStall                               build/stm32f1xx_hal_pcd.o
                                                  build/usbd_conf.o
HAL_PCD_EP_Transmit                               build/stm32f1xx_hal_pcd.o
                                                  build/usbd_conf.o
HAL_PCD_GetState                                  build/stm32f1xx_hal_pcd.o
HAL_PCD_IRQHandler                                build/stm32f1xx_hal_pcd.o
                                                  build/stm32f1xx_it.o
HAL_PCD_ISOINIncompleteCallback                   build/usbd_conf.o
HAL_PCD_ISOOUTIncompleteCallback                  build/usbd_conf.o
HAL_PCD_Init                                      build/stm32f1xx_hal_pcd.o
                                                  build/usbd_conf.o
HAL_PCD_MspDeInit                                 build/usbd_conf.o
HAL_PCD_MspInit                                   build/usbd_conf.o
HAL_PCD_ResetCallback                             build/usbd_conf.o
HAL_PCD_ResumeCallback                            build/usbd_conf.o
HAL_PCD_SOFCallback                               build/usbd_conf.o
HAL_PCD_SetAddress                                build/stm32f1xx_hal_pcd.o
                                                  build/usbd_conf.o
HAL_PCD_SetupStageCallback                        build/usbd_conf.o
HAL_PCD_Start                                     build/stm32f1xx_hal_pcd.o
                                                  build/usbd_conf.o
HAL_PCD_Stop                                      build/stm32f1xx_hal_pcd.o
                                                  build/usbd_conf.o
HAL_PCD_SuspendCallback                           build/usbd_conf.o
HAL_PWR_ConfigPVD                                 build/stm32f1xx_hal_pwr.o
HAL_PWR_DeInit                                    build/stm32f1xx_hal_pwr.o
HAL_PWR_DisableBkUpAccess                         build/stm32f1xx_hal_pwr.o
HAL_PWR_DisablePVD                                build/stm32f1xx_hal_pwr.o
HAL_PWR_DisableSEVOnPend                          build/stm32f1xx_hal_pwr.o
HAL_PWR_DisableSleepOnExit                        build/stm32f1xx_hal_pwr.o
HAL_PWR_DisableWakeUpPin                          build/stm32f1xx_hal_pwr.o
HAL_PWR_EnableBkUpAccess                          build/stm32f1xx_hal_pwr.o
HAL_PWR_EnablePVD                                 build/stm32f1xx_hal_pwr.o
HAL_PWR_EnableSEVOnPend                           build/stm32f1xx_hal_pwr.o
HAL_PWR_EnableSleepOnExit                         build/stm32f1xx_hal_pwr.o
HAL_PWR_EnableWakeUpPin                           build/stm32f1xx_hal_pwr.o
HAL_PWR_EnterSLEEPMode                            build/stm32f1xx_hal_pwr.o
HAL_PWR_EnterSTANDBYMode                          build/stm32f1xx_hal_pwr.o
HAL_PWR_EnterSTOPMode                             build/stm32f1xx_hal_pwr.o
HAL_PWR_PVDCallback                               build/stm32f1xx_hal_pwr.o
HAL_PWR_PVD_IRQHandler                            build/stm32f1xx_hal_pwr.o
HAL_RCCEx_GetPeriphCLKConfig                      build/stm32f1xx_hal_rcc_ex.o
HAL_RCCEx_GetPeriphCLKFreq                        build/stm32f1xx_hal_rcc_ex.o
HAL_RCCEx_PeriphCLKConfig                         build/stm32f1xx_hal_rcc_ex.o
                                                  build/main.o
HAL_RCC_CSSCallback                               build/stm32f1xx_hal_rcc.o
HAL_RCC_ClockConfig                               build/stm32f1xx_hal_rcc.o
                                                  build/main.o
HAL_RCC_DeInit                                    build/stm32f1xx_hal_rcc.o